 winfo

 Timestamp is 5bb37c78 (Tue Oct  2 16:11:04 2018)

 Preferred load address is 0000000180000000

 Start         Length     Name                   Class
 0001:00000000 0000be50H .text$mn                CODE
 0001:0000be50 00000020H .text$mn$00             CODE
 0001:0000be70 00000260H .text$x                 CODE
 0002:00000000 00000268H .idata$5                DATA
 0002:00000268 00000010H .00cfg                  DATA
 0002:00000278 00000008H .CRT$XCA                DATA
 0002:00000280 00000008H .CRT$XCU                DATA
 0002:00000288 00000008H .CRT$XCZ                DATA
 0002:00000290 00000008H .CRT$XIA                DATA
 0002:00000298 00000018H .CRT$XIC                DATA
 0002:000002b0 00000008H .CRT$XIZ                DATA
 0002:000002b8 00000008H .CRT$XPA                DATA
 0002:000002c0 00000010H .CRT$XPX                DATA
 0002:000002d0 00000008H .CRT$XPXA               DATA
 0002:000002d8 00000008H .CRT$XPZ                DATA
 0002:000002e0 00000008H .CRT$XTA                DATA
 0002:000002e8 00000008H .CRT$XTZ                DATA
 0002:000002f0 000072b8H .rdata                  DATA
 0002:000075a8 00000384H .rdata$r                DATA
 0002:0000792c 000003c4H .rdata$zzzdbg           DATA
 0002:00007cf0 00000008H .rtc$IAA                DATA
 0002:00007cf8 00000008H .rtc$IZZ                DATA
 0002:00007d00 00000008H .rtc$TAA                DATA
 0002:00007d08 00000008H .rtc$TZZ                DATA
 0002:00007d10 00000bd0H .xdata                  DATA
 0002:000088e0 000001e4H .xdata$x                DATA
 0002:00008ac4 00000020H .didat$2                DATA
 0002:00008ae4 00000024H .didat$3                DATA
 0002:00008b08 00000098H .didat$4                DATA
 0002:00008ba0 000001c0H .didat$6                DATA
 0002:00008d60 000000a0H .didat$7                DATA
 0002:00008e00 00000054H .edata                  DATA
 0002:00008e54 00000028H .idata$2                DATA
 0002:00008e7c 00000014H .idata$3                DATA
 0002:00008e90 00000268H .idata$4                DATA
 0002:000090f8 00000592H .idata$6                DATA
 0003:00000000 00000928H .data                   DATA
 0003:00000928 00000118H .data$r                 DATA
 0003:00000a40 000000a0H .didat$5                DATA
 0003:00000ae0 000011f0H .bss                    DATA
 0004:00000000 00000f18H .pdata                  DATA
 0005:00000000 00000080H .gfids$x                DATA
 0005:00000080 00000048H .gfids$y                DATA
 0006:00000000 00000060H .rsrc$01                DATA
 0006:00000060 00000180H .rsrc$02                DATA

  Address         Publics by Value              Rva+Base               Lib:Object

 0000:00000000       __guard_iat_count          0000000000000000     <absolute>
 0000:00000000       __dynamic_value_reloc_table 0000000000000000     <absolute>
 0000:00000000       __guard_iat_table          0000000000000000     <absolute>
 0000:00000000       __guard_longjmp_table      0000000000000000     <absolute>
 0000:00000000       __guard_longjmp_count      0000000000000000     <absolute>
 0000:00000000       __guard_fids_count         0000000000000000     <absolute>
 0000:00000000       ___safe_se_handler_table   0000000000000000     <absolute>
 0000:00000000       ___safe_se_handler_count   0000000000000000     <absolute>
 0000:00000000       __guard_fids_table         0000000000000000     <absolute>
 0000:00000100       __guard_flags              0000000000000100     <absolute>
 0000:00000000       __ImageBase                0000000180000000     <linker-defined>
 0001:00000000       ?InitAll@@YA?AVObject@Napi@@VEnv@2@V12@@Z 0000000180001000 f   main.obj
 0001:00000030       ?__napi_InitAll@@YAPEAUnapi_value__@@PEAUnapi_env__@@PEAU1@@Z 0000000180001030 f   main.obj
 0001:00000090       ?New@Number@Napi@@SA?AV12@PEAUnapi_env__@@N@Z 0000000180001090 f i winfo.obj
 0001:00000130       ?New@String@Napi@@SA?AV12@PEAUnapi_env__@@PEBD_K@Z 0000000180001130 f i winfo.obj
 0001:000001d0       ?New@Error@Napi@@SA?AV12@PEAUnapi_env__@@@Z 00000001800011d0 f i winfo.obj
 0001:000003a0       ?ThrowAsJavaScriptException@Error@Napi@@QEBAXXZ 00000001800013a0 f i winfo.obj
 0001:00000500       ??0CallbackInfo@Napi@@QEAA@PEAUnapi_env__@@PEAUnapi_callback_info__@@@Z 0000000180001500 f i winfo.obj
 0001:00000620       ?TitleWrapped@winfo@@YA?AVString@Napi@@AEBVCallbackInfo@3@@Z 0000000180001620 f   winfo.obj
 0001:00000740       ?TopWrapped@winfo@@YA?AVNumber@Napi@@AEBVCallbackInfo@3@@Z 0000000180001740 f   winfo.obj
 0001:00000790       ?LeftWrapped@winfo@@YA?AVNumber@Napi@@AEBVCallbackInfo@3@@Z 0000000180001790 f   winfo.obj
 0001:000007e0       ?HeightWrapped@winfo@@YA?AVNumber@Napi@@AEBVCallbackInfo@3@@Z 00000001800017e0 f   winfo.obj
 0001:00000860       ?WidthWrapped@winfo@@YA?AVNumber@Napi@@AEBVCallbackInfo@3@@Z 0000000180001860 f   winfo.obj
 0001:000008e0       ?PIDWrapped@winfo@@YA?AVNumber@Napi@@AEBVCallbackInfo@3@@Z 00000001800018e0 f   winfo.obj
 0001:00000900       ?Init@winfo@@YA?AVObject@Napi@@VEnv@3@V23@@Z 0000000180001900 f   winfo.obj
 0001:00000ba0       ??1?$basic_string@DU?$char_traits@D@std@@V?$allocator@D@2@@std@@QEAA@XZ 0000000180001ba0 f i winfo.obj
 0001:00000c30       ?assign@?$basic_string@DU?$char_traits@D@std@@V?$allocator@D@2@@std@@QEAAAEAV12@PEBD_K@Z 0000000180001c30 f i winfo.obj
 0001:00000d60       ?assign@?$basic_string@DU?$char_traits@D@std@@V?$allocator@D@2@@std@@QEAAAEAV12@AEBV12@_K1@Z 0000000180001d60 f i winfo.obj
 0001:00000e90       ?_Copy@?$basic_string@DU?$char_traits@D@std@@V?$allocator@D@2@@std@@QEAAX_K0@Z 0000000180001e90 f i winfo.obj
 0001:00001010       ?erase@?$basic_string@DU?$char_traits@D@std@@V?$allocator@D@2@@std@@QEAAAEAV12@_K0@Z 0000000180002010 f i winfo.obj
 0001:000010b0       ??$New@P6A?AVNumber@Napi@@AEBVCallbackInfo@2@@Z@Function@Napi@@SA?AV01@PEAUnapi_env__@@P6A?AVNumber@1@AEBVCallbackInfo@1@@ZPEBDPEAX@Z 00000001800020b0 f i winfo.obj
 0001:000011a0       ??$New@P6A?AVString@Napi@@AEBVCallbackInfo@2@@Z@Function@Napi@@SA?AV01@PEAUnapi_env__@@P6A?AVString@1@AEBVCallbackInfo@1@@ZPEBDPEAX@Z 00000001800021a0 f i winfo.obj
 0001:000012a0       ?Wrapper@?$CallbackData@P6A?AVString@Napi@@AEBVCallbackInfo@2@@ZV12@@details@Napi@@SAPEAUnapi_value__@@PEAUnapi_env__@@PEAUnapi_callback_info__@@@Z 00000001800022a0 f i winfo.obj
 0001:000012a0       ?Wrapper@?$CallbackData@P6A?AVNumber@Napi@@AEBVCallbackInfo@2@@ZV12@@details@Napi@@SAPEAUnapi_value__@@PEAUnapi_env__@@PEAUnapi_callback_info__@@@Z 00000001800022a0 f i winfo.obj
 0001:0000134c       __imp_load_napi_module_register 000000018000234c f   node:node.exe
 0001:00001358       __tailMerge_node_exe       0000000180002358 f i node:node.exe
 0001:000013d1       __imp_load_napi_create_function 00000001800023d1 f   node:node.exe
 0001:000013dd       __imp_load_napi_open_handle_scope 00000001800023dd f   node:node.exe
 0001:000013e9       __imp_load_napi_get_last_error_info 00000001800023e9 f   node:node.exe
 0001:000013f5       __imp_load_napi_create_error 00000001800023f5 f   node:node.exe
 0001:00001401       __imp_load_napi_delete_reference 0000000180002401 f   node:node.exe
 0001:0000140d       __imp_load_napi_fatal_error 000000018000240d f   node:node.exe
 0001:00001419       __imp_load_napi_is_exception_pending 0000000180002419 f   node:node.exe
 0001:00001425       __imp_load_napi_create_type_error 0000000180002425 f   node:node.exe
 0001:00001431       __imp_load_napi_create_string_utf8 0000000180002431 f   node:node.exe
 0001:0000143d       __imp_load_napi_set_named_property 000000018000243d f   node:node.exe
 0001:00001449       __imp_load_napi_throw      0000000180002449 f   node:node.exe
 0001:00001455       __imp_load_napi_get_and_clear_last_exception 0000000180002455 f   node:node.exe
 0001:00001461       __imp_load_napi_get_cb_info 0000000180002461 f   node:node.exe
 0001:0000146d       __imp_load_napi_create_reference 000000018000246d f   node:node.exe
 0001:00001479       __imp_load_napi_close_handle_scope 0000000180002479 f   node:node.exe
 0001:00001485       __imp_load_napi_create_double 0000000180002485 f   node:node.exe
 0001:00001491       __imp_load_napi_get_reference_value 0000000180002491 f   node:node.exe
 0001:000014a0       ??0bad_alloc@std@@QEAA@AEBV01@@Z 00000001800024a0 f i libcpmt:xthrow.obj
 0001:000014e0       ??0bad_alloc@std@@QEAA@XZ  00000001800024e0 f i libcpmt:xthrow.obj
 0001:00001500       ??0exception@std@@QEAA@AEBV01@@Z 0000000180002500 f i libcpmt:xthrow.obj
 0001:00001538       ??0length_error@std@@QEAA@AEBV01@@Z 0000000180002538 f i libcpmt:xthrow.obj
 0001:00001578       ??0length_error@std@@QEAA@PEBD@Z 0000000180002578 f i libcpmt:xthrow.obj
 0001:000015c4       ??0logic_error@std@@QEAA@AEBV01@@Z 00000001800025c4 f i libcpmt:xthrow.obj
 0001:00001604       ??0out_of_range@std@@QEAA@AEBV01@@Z 0000000180002604 f i libcpmt:xthrow.obj
 0001:00001644       ??0out_of_range@std@@QEAA@PEBD@Z 0000000180002644 f i libcpmt:xthrow.obj
 0001:00001690       ??1bad_array_new_length@std@@UEAA@XZ 0000000180002690 f i LIBCMT:throw_bad_alloc.obj
 0001:00001690       ??1bad_alloc@std@@UEAA@XZ  0000000180002690 f i libcpmt:xthrow.obj
 0001:00001690       ??1out_of_range@std@@UEAA@XZ 0000000180002690 f i libcpmt:xthrow.obj
 0001:00001690       ??1length_error@std@@UEAA@XZ 0000000180002690 f i libcpmt:xthrow.obj
 0001:000016a4       ?_Xlength_error@std@@YAXPEBD@Z 00000001800026a4 f   libcpmt:xthrow.obj
 0001:000016c8       ?_Xout_of_range@std@@YAXPEBD@Z 00000001800026c8 f   libcpmt:xthrow.obj
 0001:000016ec       ?what@exception@std@@UEBAPEBDXZ 00000001800026ec f i libcpmt:xthrow.obj
 0001:00001710       __security_check_cookie    0000000180002710 f   LIBCMT:_amdsecgs_.obj
 0001:00001734       ??2@YAPEAX_K@Z             0000000180002734 f   LIBCMT:new_scalar.obj
 0001:00001770       ??3@YAXPEAX@Z              0000000180002770 f   LIBCMT:delete_scalar.obj
 0001:00001778       ??_U@YAPEAX_K@Z            0000000180002778 f   LIBCMT:new_array.obj
 0001:00001acc       _DllMainCRTStartup         0000000180002acc f   LIBCMT:dll_dllmain.obj
 0001:00001b0c       ??_V@YAXPEAX@Z             0000000180002b0c f   LIBCMT:delete_array.obj
 0001:00001b0c       ??3@YAXPEAX_K@Z            0000000180002b0c f   LIBCMT:delete_scalar_size.obj
 0001:00001b14       ??_Gtype_info@@UEAAPEAXI@Z 0000000180002b14 f i LIBCMT:std_type_info_static.obj
 0001:00001b14       ??_Etype_info@@UEAAPEAXI@Z 0000000180002b14 f i LIBCMT:std_type_info_static.obj
 0001:00001b40       __raise_securityfailure    0000000180002b40 f   LIBCMT:gs_report.obj
 0001:00001b74       __report_gsfailure         0000000180002b74 f   LIBCMT:gs_report.obj
 0001:00001c48       __report_rangecheckfailure 0000000180002c48 f   LIBCMT:gs_report.obj
 0001:00001c5c       __report_securityfailure   0000000180002c5c f   LIBCMT:gs_report.obj
 0001:00001ddc       ??0bad_array_new_length@std@@QEAA@AEBV01@@Z 0000000180002ddc f i LIBCMT:throw_bad_alloc.obj
 0001:00001e1c       ??0bad_array_new_length@std@@QEAA@XZ 0000000180002e1c f i LIBCMT:throw_bad_alloc.obj
 0001:00001e3c       ??_Glength_error@std@@UEAAPEAXI@Z 0000000180002e3c f i libcpmt:xthrow.obj
 0001:00001e3c       ??_Gbad_array_new_length@std@@UEAAPEAXI@Z 0000000180002e3c f i LIBCMT:throw_bad_alloc.obj
 0001:00001e3c       ??_Eout_of_range@std@@UEAAPEAXI@Z 0000000180002e3c f i libcpmt:xthrow.obj
 0001:00001e3c       ??_Gbad_alloc@std@@UEAAPEAXI@Z 0000000180002e3c f i libcpmt:xthrow.obj
 0001:00001e3c       ??_Elength_error@std@@UEAAPEAXI@Z 0000000180002e3c f i libcpmt:xthrow.obj
 0001:00001e3c       ??_Ebad_alloc@std@@UEAAPEAXI@Z 0000000180002e3c f i libcpmt:xthrow.obj
 0001:00001e3c       ??_Gexception@std@@UEAAPEAXI@Z 0000000180002e3c f i libcpmt:xthrow.obj
 0001:00001e3c       ??_Gout_of_range@std@@UEAAPEAXI@Z 0000000180002e3c f i libcpmt:xthrow.obj
 0001:00001e3c       ??_Glogic_error@std@@UEAAPEAXI@Z 0000000180002e3c f i libcpmt:xthrow.obj
 0001:00001e3c       ??_Ebad_array_new_length@std@@UEAAPEAXI@Z 0000000180002e3c f i LIBCMT:throw_bad_alloc.obj
 0001:00001e3c       ??_Elogic_error@std@@UEAAPEAXI@Z 0000000180002e3c f i libcpmt:xthrow.obj
 0001:00001e3c       ??_Eexception@std@@UEAAPEAXI@Z 0000000180002e3c f i libcpmt:xthrow.obj
 0001:00001e80       ?_Xbad_alloc@std@@YAXXZ    0000000180002e80 f   libcpmt:xthrow.obj
 0001:00001e80       ?__scrt_throw_std_bad_alloc@@YAXXZ 0000000180002e80 f   LIBCMT:throw_bad_alloc.obj
 0001:00001ea0       ?__scrt_throw_std_bad_array_new_length@@YAXXZ 0000000180002ea0 f   LIBCMT:throw_bad_alloc.obj
 0001:00001ec0       __scrt_acquire_startup_lock 0000000180002ec0 f   LIBCMT:utility.obj
 0001:00001efc       __scrt_dllmain_after_initialize_c 0000000180002efc f   LIBCMT:utility.obj
 0001:00001f30       __scrt_dllmain_before_initialize_c 0000000180002f30 f   LIBCMT:utility.obj
 0001:00001f48       __scrt_dllmain_crt_thread_attach 0000000180002f48 f   LIBCMT:utility.obj
 0001:00001f70       __scrt_dllmain_crt_thread_detach 0000000180002f70 f   LIBCMT:utility.obj
 0001:00001f88       __scrt_dllmain_exception_filter 0000000180002f88 f   LIBCMT:utility.obj
 0001:00001fec       __scrt_dllmain_uninitialize_c 0000000180002fec f   LIBCMT:utility.obj
 0001:0000201c       __scrt_dllmain_uninitialize_critical 000000018000301c f   LIBCMT:utility.obj
 0001:00002030       __scrt_initialize_crt      0000000180003030 f   LIBCMT:utility.obj
 0001:0000207c       __scrt_initialize_onexit_tables 000000018000307c f   LIBCMT:utility.obj
 0001:00002148       __scrt_is_nonwritable_in_current_image 0000000180003148 f   LIBCMT:utility.obj
 0001:000021e4       __scrt_release_startup_lock 00000001800031e4 f   LIBCMT:utility.obj
 0001:00002208       __scrt_uninitialize_crt    0000000180003208 f   LIBCMT:utility.obj
 0001:00002234       _onexit                    0000000180003234 f   LIBCMT:utility.obj
 0001:00002284       atexit                     0000000180003284 f   LIBCMT:utility.obj
 0001:0000229c       __security_init_cookie     000000018000329c f   LIBCMT:gs_support.obj
 0001:00002348       ?__scrt_initialize_type_info@@YAXXZ 0000000180003348 f   LIBCMT:tncleanup.obj
 0001:00002358       ?__scrt_uninitialize_type_info@@YAXXZ 0000000180003358 f   LIBCMT:tncleanup.obj
 0001:00002364       __local_stdio_printf_options 0000000180003364 f i LIBCMT:default_local_stdio_options.obj
 0001:0000236c       __local_stdio_scanf_options 000000018000336c f i LIBCMT:default_local_stdio_options.obj
 0001:00002374       __scrt_initialize_default_local_stdio_options 0000000180003374 f   LIBCMT:default_local_stdio_options.obj
 0001:00002390       __scrt_get_dyn_tls_init_callback 0000000180003390 f   LIBCMT:dyn_tls_init.obj
 0001:00002398       __crt_debugger_hook        0000000180003398 f   LIBCMT:utility_desktop.obj
 0001:000023a0       __scrt_fastfail            00000001800033a0 f   LIBCMT:utility_desktop.obj
 0001:000024e8       _RTC_Initialize            00000001800034e8 f   LIBCMT:_initsect_.obj
 0001:00002534       _RTC_Terminate             0000000180003534 f   LIBCMT:_initsect_.obj
 0001:00002580       _guard_check_icall         0000000180003580 f i LIBCMT:checkcfg.obj
 0001:00002588       __isa_available_init       0000000180003588 f   LIBCMT:_cpu_disp_.obj
 0001:00002750       DllMain                    0000000180003750 f   LIBCMT:dll_dllmain_stub.obj
 0001:00002750       _get_startup_argv_mode     0000000180003750 f   LIBCMT:argv_mode.obj
 0001:00002758       __scrt_is_ucrt_dll_in_use  0000000180003758 f   LIBCMT:ucrt_detection.obj
 0001:00002780       memmove                    0000000180003780 f   libvcruntime:memcpy.obj
 0001:00002780       memcpy                     0000000180003780 f   libvcruntime:memcpy.obj
 0001:00002bb8       __std_exception_copy       0000000180003bb8 f   libvcruntime:std_exception.obj
 0001:00002c48       __std_exception_destroy    0000000180003c48 f   libvcruntime:std_exception.obj
 0001:00002c70       _CxxThrowException         0000000180003c70 f   libvcruntime:throw.obj
 0001:00002d48       __C_specific_handler       0000000180003d48 f   libvcruntime:_chandler_.obj
 0001:00002f44       __vcrt_initialize          0000000180003f44 f   libvcruntime:initialization.obj
 0001:00002f78       __vcrt_thread_attach       0000000180003f78 f   libvcruntime:initialization.obj
 0001:00002f8c       __vcrt_thread_detach       0000000180003f8c f   libvcruntime:initialization.obj
 0001:00002fa0       __vcrt_uninitialize        0000000180003fa0 f   libvcruntime:initialization.obj
 0001:00002fc0       __vcrt_uninitialize_critical 0000000180003fc0 f   libvcruntime:initialization.obj
 0001:00002fd0       __std_type_info_destroy_list 0000000180003fd0 f   libvcruntime:std_type_info.obj
 0001:00003010       memset                     0000000180004010 f   libvcruntime:memset.obj
 0001:000031c0       _local_unwind              00000001800041c0 f   libvcruntime:_jmpuwind_.obj
 0001:000031f0       _NLG_Notify                00000001800041f0 f   libvcruntime:_jmpuwind_.obj
 0001:00003210       __NLG_Dispatch2            0000000180004210 f   libvcruntime:_jmpuwind_.obj
 0001:00003220       __NLG_Return2              0000000180004220 f   libvcruntime:_jmpuwind_.obj
 0001:00003224       _guard_check_icall_nop     0000000180004224 f   LIBCMT:guard_support.obj
 0001:00003224       __except_validate_context_record 0000000180004224 f   libvcruntime:jbcxrval.obj
 0001:00003228       __vcrt_freefls             0000000180004228 f   libvcruntime:per_thread_data.obj
 0001:00003248       __vcrt_freeptd             0000000180004248 f   libvcruntime:per_thread_data.obj
 0001:00003298       __vcrt_getptd_noexit       0000000180004298 f   libvcruntime:per_thread_data.obj
 0001:00003350       __vcrt_initialize_ptd      0000000180004350 f   libvcruntime:per_thread_data.obj
 0001:00003390       __vcrt_uninitialize_ptd    0000000180004390 f   libvcruntime:per_thread_data.obj
 0001:000033b4       __vcrt_initialize_locks    00000001800043b4 f   libvcruntime:locks.obj
 0001:000033fc       __vcrt_uninitialize_locks  00000001800043fc f   libvcruntime:locks.obj
 0001:000035fc       __vcrt_FlsAlloc            00000001800045fc f   libvcruntime:winapi_downlevel.obj
 0001:00003650       __vcrt_FlsFree             0000000180004650 f   libvcruntime:winapi_downlevel.obj
 0001:000036a4       __vcrt_FlsGetValue         00000001800046a4 f   libvcruntime:winapi_downlevel.obj
 0001:000036f8       __vcrt_FlsSetValue         00000001800046f8 f   libvcruntime:winapi_downlevel.obj
 0001:00003760       __vcrt_InitializeCriticalSectionEx 0000000180004760 f   libvcruntime:winapi_downlevel.obj
 0001:000037d8       __vcrt_initialize_winapi_thunks 00000001800047d8 f   libvcruntime:winapi_downlevel.obj
 0001:00003824       __vcrt_uninitialize_winapi_thunks 0000000180004824 f   libvcruntime:winapi_downlevel.obj
 0001:00003864       __vcrt_initialize_pure_virtual_call_handler 0000000180004864 f   libvcruntime:purevirt_data.obj
 0001:00003888       __acrt_call_reportfault    0000000180004888 f   libucrt:invalid_parameter.obj
 0001:000039e4       __acrt_initialize_invalid_parameter_handler 00000001800049e4 f   libucrt:invalid_parameter.obj
 0001:000039ec       _invalid_parameter         00000001800049ec f   libucrt:invalid_parameter.obj
 0001:00003a94       _invalid_parameter_noinfo  0000000180004a94 f   libucrt:invalid_parameter.obj
 0001:00003ab4       _invalid_parameter_noinfo_noreturn 0000000180004ab4 f   libucrt:invalid_parameter.obj
 0001:00003ae4       _invoke_watson             0000000180004ae4 f   libucrt:invalid_parameter.obj
 0001:00003b2c       ??0_LocaleUpdate@@QEAA@QEAU__crt_locale_pointers@@@Z 0000000180004b2c f i libucrt:stricmp.obj
 0001:00003bbc       __ascii_stricmp            0000000180004bbc f   libucrt:stricmp.obj
 0001:00003bf8       _stricmp                   0000000180004bf8 f   libucrt:stricmp.obj
 0001:00003c40       _stricmp_l                 0000000180004c40 f   libucrt:stricmp.obj
 0001:00003cf4       __acrt_initialize_new_handler 0000000180004cf4 f   libucrt:new_handler.obj
 0001:00003cfc       _callnewh                  0000000180004cfc f   libucrt:new_handler.obj
 0001:00003d3c       _query_new_handler         0000000180004d3c f   libucrt:new_handler.obj
 0001:00003d70       malloc                     0000000180004d70 f   libucrt:malloc.obj
 0001:00003d78       free                       0000000180004d78 f   libucrt:free.obj
 0001:00003d80       _initterm                  0000000180004d80 f   libucrt:initterm.obj
 0001:00003df8       _initterm_e                0000000180004df8 f   libucrt:initterm.obj
 0001:00003e44       _seh_filter_dll            0000000180004e44 f   libucrt:exception_filter.obj
 0001:00003e58       _seh_filter_exe            0000000180004e58 f   libucrt:exception_filter.obj
 0001:00004218       __acrt_initialize_thread_local_exit_callback 0000000180005218 f   libucrt:exit.obj
 0001:00004220       _cexit                     0000000180005220 f   libucrt:exit.obj
 0001:00004230       _exit                      0000000180005230 f   libucrt:exit.obj
 0001:0000423c       _is_c_termination_complete 000000018000523c f   libucrt:exit.obj
 0001:00004400       __acrt_allocate_buffer_for_argv 0000000180005400 f   libucrt:argv_parsing.obj
 0001:00004464       _configure_narrow_argv     0000000180005464 f   libucrt:argv_parsing.obj
 0001:000047c0       __dcrt_uninitialize_environments_nolock 00000001800057c0 f   libucrt:environment_initialization.obj
 0001:000047f8       _initialize_narrow_environment 00000001800057f8 f   libucrt:environment_initialization.obj
 0001:00004800       ??$?RV<lambda_b8c45f8f788dd370798f47cfe8ac3a86>@@AEAV<lambda_4e60a939b0d047cfe11ddc22648dfba9>@@V<lambda_332c3edc96d0294ec56c57d38c1cdfd5>@@@?$__crt_seh_guarded_call@H@@QEAAH$$QEAV<lambda_b8c45f8f788dd370798f47cfe8ac3a86>@@AEAV<lambda_4e60a939b0d047cfe11ddc22648dfba9>@@$$QEAV<lambda_332c3edc96d0294ec56c57d38c1cdfd5>@@@Z 0000000180005800 f i libucrt:onexit.obj
 0001:0000483c       ??$?RV<lambda_e24bbb7b643b32fcea6fa61b31d4c984>@@AEAV<lambda_275893d493268fdec8709772e3fcec0e>@@V<lambda_9d71df4d7cf3f480f8d633942495c3b0>@@@?$__crt_seh_guarded_call@H@@QEAAH$$QEAV<lambda_e24bbb7b643b32fcea6fa61b31d4c984>@@AEAV<lambda_275893d493268fdec8709772e3fcec0e>@@$$QEAV<lambda_9d71df4d7cf3f480f8d633942495c3b0>@@@Z 000000018000583c f i libucrt:onexit.obj
 0001:00004bb8       _crt_atexit                0000000180005bb8 f   libucrt:onexit.obj
 0001:00004bc8       _execute_onexit_table      0000000180005bc8 f   libucrt:onexit.obj
 0001:00004c04       _initialize_onexit_table   0000000180005c04 f   libucrt:onexit.obj
 0001:00004c44       _register_onexit_function  0000000180005c44 f   libucrt:onexit.obj
 0001:00004cd4       __acrt_uninitialize_command_line 0000000180005cd4 f   libucrt:argv_data.obj
 0001:00004dc4       __acrt_initialize          0000000180005dc4 f   libucrt:initialization.obj
 0001:00004dd8       __acrt_thread_attach       0000000180005dd8 f   libucrt:initialization.obj
 0001:00004dec       __acrt_thread_detach       0000000180005dec f   libucrt:initialization.obj
 0001:00004dfc       __acrt_uninitialize        0000000180005dfc f   libucrt:initialization.obj
 0001:00004e10       __acrt_uninitialize_critical 0000000180005e10 f   libucrt:initialization.obj
 0001:00004e20       terminate                  0000000180005e20 f   libucrt:terminate.obj
 0001:00004e48       strcpy_s                   0000000180005e48 f   libucrt:strcpy_s.obj
 0001:00004ea8       _free_base                 0000000180005ea8 f   libucrt:free_base.obj
 0001:00004ee8       _malloc_base               0000000180005ee8 f   libucrt:malloc_base.obj
 0001:00004f48       abort                      0000000180005f48 f   libucrt:abort.obj
 0001:00004fa0       _calloc_base               0000000180005fa0 f   libucrt:calloc_base.obj
 0001:00005018       ??$?RV<lambda_46352004c1216016012b18bd6f87e700>@@AEAV<lambda_3bd07e1a1191394380780325891bf33f>@@V<lambda_334532d3f185bcaa59b5be82d7d22bff>@@@?$__crt_seh_guarded_call@X@@QEAAX$$QEAV<lambda_46352004c1216016012b18bd6f87e700>@@AEAV<lambda_3bd07e1a1191394380780325891bf33f>@@$$QEAV<lambda_334532d3f185bcaa59b5be82d7d22bff>@@@Z 0000000180006018 f i libucrt:per_thread_data.obj
 0001:00005078       ??$?RV<lambda_5e887d1dcbef67a5eb4283622ba103bf>@@AEAV<lambda_4466841279450cc726390878d4a41900>@@V<lambda_341c25c0346d94847f1f3c463c57e077>@@@?$__crt_seh_guarded_call@X@@QEAAX$$QEAV<lambda_5e887d1dcbef67a5eb4283622ba103bf>@@AEAV<lambda_4466841279450cc726390878d4a41900>@@$$QEAV<lambda_341c25c0346d94847f1f3c463c57e077>@@@Z 0000000180006078 f i libucrt:per_thread_data.obj
 0001:000050c0       ??$?RV<lambda_72d1df2b273a38828b1ce30cbf4cdab5>@@AEAV<lambda_876a65b173b8412d3a47c70a915b0cf4>@@V<lambda_41932305e351933ebe8f8be3ed8bb5dc>@@@?$__crt_seh_guarded_call@X@@QEAAX$$QEAV<lambda_72d1df2b273a38828b1ce30cbf4cdab5>@@AEAV<lambda_876a65b173b8412d3a47c70a915b0cf4>@@$$QEAV<lambda_41932305e351933ebe8f8be3ed8bb5dc>@@@Z 00000001800060c0 f i libucrt:per_thread_data.obj
 0001:00005100       ??$?RV<lambda_fb3a7dec4e47f37f22dae91bb15c9095>@@AEAV<lambda_698284760c8add0bfb0756c19673e34b>@@V<lambda_dfb8eca1e75fef3034a8fb18dd509707>@@@?$__crt_seh_guarded_call@X@@QEAAX$$QEAV<lambda_fb3a7dec4e47f37f22dae91bb15c9095>@@AEAV<lambda_698284760c8add0bfb0756c19673e34b>@@$$QEAV<lambda_dfb8eca1e75fef3034a8fb18dd509707>@@@Z 0000000180006100 f i libucrt:per_thread_data.obj
 0001:00005390       __acrt_freeptd             0000000180006390 f   libucrt:per_thread_data.obj
 0001:000053d4       __acrt_getptd              00000001800063d4 f   libucrt:per_thread_data.obj
 0001:00005468       __acrt_getptd_noexit       0000000180006468 f   libucrt:per_thread_data.obj
 0001:00005508       __acrt_initialize_ptd      0000000180006508 f   libucrt:per_thread_data.obj
 0001:00005544       __acrt_uninitialize_ptd    0000000180006544 f   libucrt:per_thread_data.obj
 0001:00005568       __acrt_errno_from_os_error 0000000180006568 f   libucrt:errno.obj
 0001:000055b0       __acrt_errno_map_os_error  00000001800065b0 f   libucrt:errno.obj
 0001:00005600       __doserrno                 0000000180006600 f   libucrt:errno.obj
 0001:00005620       _errno                     0000000180006620 f   libucrt:errno.obj
 0001:00005690       _tolower_l                 0000000180006690 f   libucrt:tolower_toupper.obj
 0001:000057d0       __acrt_update_locale_info  00000001800067d0 f   libucrt:locale_update.obj
 0001:00005804       __acrt_update_multibyte_info 0000000180006804 f   libucrt:locale_update.obj
 0001:00005838       __acrt_set_locale_changed  0000000180006838 f   libucrt:wsetlocale.obj
 0001:00005844       __acrt_uninitialize_locale 0000000180006844 f   libucrt:wsetlocale.obj
 0001:0000588c       __acrt_initialize_locks    000000018000688c f   libucrt:locks.obj
 0001:000058d4       __acrt_lock                00000001800068d4 f   libucrt:locks.obj
 0001:000058f0       __acrt_uninitialize_locks  00000001800068f0 f   libucrt:locks.obj
 0001:00005928       __acrt_unlock              0000000180006928 f   libucrt:locks.obj
 0001:00005ae4       __acrt_FlsAlloc            0000000180006ae4 f   libucrt:winapi_thunks.obj
 0001:00005b3c       __acrt_FlsFree             0000000180006b3c f   libucrt:winapi_thunks.obj
 0001:00005b94       __acrt_FlsGetValue         0000000180006b94 f   libucrt:winapi_thunks.obj
 0001:00005bec       __acrt_FlsSetValue         0000000180006bec f   libucrt:winapi_thunks.obj
 0001:00005c54       __acrt_InitializeCriticalSectionEx 0000000180006c54 f   libucrt:winapi_thunks.obj
 0001:00005ccc       __acrt_LCMapStringEx       0000000180006ccc f   libucrt:winapi_thunks.obj
 0001:00005dbc       __acrt_LocaleNameToLCID    0000000180006dbc f   libucrt:winapi_thunks.obj
 0001:00005e24       __acrt_initialize_winapi_thunks 0000000180006e24 f   libucrt:winapi_thunks.obj
 0001:00005e5c       __acrt_is_packaged_app     0000000180006e5c f   libucrt:winapi_thunks.obj
 0001:00005ee4       __acrt_uninitialize_winapi_thunks 0000000180006ee4 f   libucrt:winapi_thunks.obj
 0001:00006404       ?expand_if_necessary@?$argument_list@D@?A0xca0879c4@@AEAAHXZ 0000000180007404 f i libucrt:argv_wildcards.obj
 0001:000064cc       __acrt_expand_narrow_argv_wildcards 00000001800074cc f   libucrt:argv_wildcards.obj
 0001:000064d4       ??$?RV<lambda_99476a1ad63dd22509b5d3e65b0ffc95>@@AEAV<lambda_ad1ced32f4ac17aa236e5ef05d6b3b7c>@@V<lambda_f7424dd8d45958661754dc4f2697e9c3>@@@?$__crt_seh_guarded_call@X@@QEAAX$$QEAV<lambda_99476a1ad63dd22509b5d3e65b0ffc95>@@AEAV<lambda_ad1ced32f4ac17aa236e5ef05d6b3b7c>@@$$QEAV<lambda_f7424dd8d45958661754dc4f2697e9c3>@@@Z 00000001800074d4 f i libucrt:mbctype.obj
 0001:00006bd0       __acrt_initialize_multibyte 0000000180007bd0 f   libucrt:mbctype.obj
 0001:00006bf8       __acrt_update_thread_multibyte_data 0000000180007bf8 f   libucrt:mbctype.obj
 0001:00006cb8       _setmbcp_nolock            0000000180007cb8 f   libucrt:mbctype.obj
 0001:00006fd8       _ismbblead                 0000000180007fd8 f   libucrt:ismbbyte.obj
 0001:00006fec       __acrt_initialize_command_line 0000000180007fec f   libucrt:argv_data.obj
 0001:00007014       __dcrt_get_narrow_environment_from_os 0000000180008014 f   libucrt:get_environment_from_os.obj
 0001:00007118       _recalloc                  0000000180008118 f   libucrt:recalloc.obj
 0001:00007120       _recalloc_base             0000000180008120 f   libucrt:recalloc.obj
 0001:000071b8       __acrt_initialize_heap     00000001800081b8 f   libucrt:heap_handle.obj
 0001:000071d4       __acrt_uninitialize_heap   00000001800081d4 f   libucrt:heap_handle.obj
 0001:000073c8       __acrt_initialize_lowio    00000001800083c8 f   libucrt:ioinit.obj
 0001:00007404       __acrt_uninitialize_lowio  0000000180008404 f   libucrt:ioinit.obj
 0001:00007444       __acrt_execute_initializers 0000000180008444 f   libucrt:shared_initialization.obj
 0001:000074d8       __acrt_execute_uninitializers 00000001800084d8 f   libucrt:shared_initialization.obj
 0001:00007528       ??$?RV<lambda_c36588078e9f5dfd39652860aa6b3aaf>@@AEAV<lambda_ec61778202f4f5fc7e7711acc23c3bca>@@V<lambda_dc9d2797ccde5d239b4a0efae8ebd7db>@@@?$__crt_seh_guarded_call@P6AXH@Z@@QEAAP6AXH@Z$$QEAV<lambda_c36588078e9f5dfd39652860aa6b3aaf>@@AEAV<lambda_ec61778202f4f5fc7e7711acc23c3bca>@@$$QEAV<lambda_dc9d2797ccde5d239b4a0efae8ebd7db>@@@Z 0000000180008528 f i libucrt:signal.obj
 0001:00007570       __acrt_get_sigabrt_handler 0000000180008570 f   libucrt:signal.obj
 0001:000075a0       __acrt_initialize_signal_handlers 00000001800085a0 f   libucrt:signal.obj
 0001:000075c0       raise                      00000001800085c0 f   libucrt:signal.obj
 0001:0000785c       __acrt_has_user_matherr    000000018000885c f   libucrt:matherr.obj
 0001:0000787c       __acrt_initialize_user_matherr 000000018000887c f   libucrt:matherr.obj
 0001:00007884       __acrt_invoke_user_matherr 0000000180008884 f   libucrt:matherr.obj
 0001:000078cc       _query_new_mode            00000001800088cc f   libucrt:new_mode.obj
 0001:000078d4       _mbtowc_l                  00000001800088d4 f   libucrt:mbtowc.obj
 0001:00007a1c       mbtowc                     0000000180008a1c f   libucrt:mbtowc.obj
 0001:00007a24       _fileno                    0000000180008a24 f   libucrt:fileno.obj
 0001:00007a4c       __acrt_initialize_stdio    0000000180008a4c f   libucrt:_file.obj
 0001:00007b6c       __acrt_uninitialize_stdio  0000000180008b6c f   libucrt:_file.obj
 0001:00007bc8       _lock_file                 0000000180008bc8 f   libucrt:_file.obj
 0001:00007bd4       _unlock_file               0000000180008bd4 f   libucrt:_file.obj
 0001:00007be0       __pctype_func              0000000180008be0 f   libucrt:ctype.obj
 0001:00007c10       _isctype_l                 0000000180008c10 f   libucrt:isctype.obj
 0001:00007d20       __acrt_add_locale_ref      0000000180008d20 f   libucrt:locale_refcounting.obj
 0001:00007dac       __acrt_free_locale         0000000180008dac f   libucrt:locale_refcounting.obj
 0001:00007f24       __acrt_locale_add_lc_time_reference 0000000180008f24 f   libucrt:locale_refcounting.obj
 0001:00007f4c       __acrt_locale_free_lc_time_if_unreferenced 0000000180008f4c f   libucrt:locale_refcounting.obj
 0001:00007f84       __acrt_locale_release_lc_time_reference 0000000180008f84 f   libucrt:locale_refcounting.obj
 0001:00007fac       __acrt_release_locale_ref  0000000180008fac f   libucrt:locale_refcounting.obj
 0001:00008054       __acrt_update_thread_locale_data 0000000180009054 f   libucrt:locale_refcounting.obj
 0001:000080c4       _updatetlocinfoEx_nolock   00000001800090c4 f   libucrt:locale_refcounting.obj
 0001:0000812c       _isleadbyte_l              000000018000912c f i libucrt:_wctype.obj
 0001:000084c8       __acrt_LCMapStringA        00000001800094c8 f   libucrt:lcmapstringa.obj
 0001:00008560       __acrt_locale_free_monetary 0000000180009560 f   libucrt:initmon.obj
 0001:0000866c       __acrt_locale_free_numeric 000000018000966c f   libucrt:initnum.obj
 0001:00008730       __acrt_locale_free_time    0000000180009730 f   libucrt:inittime.obj
 0001:00008838       __acrt_GetStringTypeA      0000000180009838 f   libucrt:getstringtypea.obj
 0001:00008ab4       __acrt_DownlevelLocaleNameToLCID 0000000180009ab4 f   libucrt:lcidtoname_downlevel.obj
 0001:00008bc0       qsort                      0000000180009bc0 f   libucrt:qsort.obj
 0001:00008ef4       strncpy_s                  0000000180009ef4 f   libucrt:strncpy_s.obj
 0001:00008fc8       strpbrk                    0000000180009fc8 f   libucrt:strpbrk.obj
 0001:00009068       _mbsdec                    000000018000a068 f   libucrt:mbsdec.obj
 0001:00009070       _mbsdec_l                  000000018000a070 f   libucrt:mbsdec.obj
 0001:00009120       _msize                     000000018000a120 f   libucrt:msize.obj
 0001:0000915c       _realloc_base              000000018000a15c f   libucrt:realloc_base.obj
 0001:000091e0       __acrt_lowio_create_handle_array 000000018000a1e0 f   libucrt:osfinfo.obj
 0001:00009278       __acrt_lowio_destroy_handle_array 000000018000a278 f   libucrt:osfinfo.obj
 0001:000092c8       __acrt_lowio_ensure_fh_exists 000000018000a2c8 f   libucrt:osfinfo.obj
 0001:00009380       __acrt_lowio_lock_fh       000000018000a380 f   libucrt:osfinfo.obj
 0001:000093a4       __acrt_lowio_unlock_fh     000000018000a3a4 f   libucrt:osfinfo.obj
 0001:000093c8       _free_osfhnd               000000018000a3c8 f   libucrt:osfinfo.obj
 0001:00009484       _get_osfhandle             000000018000a484 f   libucrt:osfinfo.obj
 0001:000094fc       _isatty                    000000018000a4fc f   libucrt:isatty.obj
 0001:0000955c       __acrt_stdio_flush_nolock  000000018000a55c f   libucrt:fflush.obj
 0001:000095d4       _fflush_nolock             000000018000a5d4 f   libucrt:fflush.obj
 0001:00009620       _flushall                  000000018000a620 f   libucrt:fflush.obj
 0001:00009710       _fcloseall                 000000018000a710 f   libucrt:closeall.obj
 0001:000097c4       __acrt_stdio_free_buffer_nolock 000000018000a7c4 f   libucrt:_freebuf.obj
 0001:00009804       __strncnt                  000000018000a804 f   libucrt:strncnt.obj
 0001:0000981c       _query_app_type            000000018000a81c f   libucrt:report_runtime_error.obj
 0001:00009824       ??$?RV<lambda_b521505b218e5242e90febf6bfebc422>@@AEAV<lambda_6978c1fb23f02e42e1d9e99668cc68aa>@@V<lambda_314360699dd331753a4119843814e9a7>@@@?$__crt_seh_guarded_call@H@@QEAAH$$QEAV<lambda_b521505b218e5242e90febf6bfebc422>@@AEAV<lambda_6978c1fb23f02e42e1d9e99668cc68aa>@@$$QEAV<lambda_314360699dd331753a4119843814e9a7>@@@Z 000000018000a824 f i libucrt:commit.obj
 0001:000098b0       _commit                    000000018000a8b0 f   libucrt:commit.obj
 0001:00009ee4       _write                     000000018000aee4 f   libucrt:write.obj
 0001:00009fd0       _write_nolock              000000018000afd0 f   libucrt:write.obj
 0001:0000a2c0       log10                      000000018000b2c0 f   libucrt:log10.obj
 0001:0000a908       _lseeki64_nolock           000000018000b908 f   libucrt:lseek.obj
 0001:0000a910       _fclose_nolock             000000018000b910 f   libucrt:fclose.obj
 0001:0000a994       fclose                     000000018000b994 f   libucrt:fclose.obj
 0001:0000aa00       _putwch_nolock             000000018000ba00 f   libucrt:putwch.obj
 0001:0000ab80       _handle_error              000000018000bb80 f   libucrt:libm_error.obj
 0001:0000acb0       __acrt_initialize_fma3     000000018000bcb0 f   libucrt:fma3_available.obj
 0001:0000ad20       _log10_special             000000018000bd20 f   libucrt:log_special.obj
 0001:0000add8       ??$?RV<lambda_bfedae4ebbf01fab1bb6dcc6a9e276e0>@@AEAV<lambda_2fe9b910cf3cbf4a0ab98a02ba45b3ec>@@V<lambda_237c231691f317818eb88cc1d5d642d6>@@@?$__crt_seh_guarded_call@H@@QEAAH$$QEAV<lambda_bfedae4ebbf01fab1bb6dcc6a9e276e0>@@AEAV<lambda_2fe9b910cf3cbf4a0ab98a02ba45b3ec>@@$$QEAV<lambda_237c231691f317818eb88cc1d5d642d6>@@@Z 000000018000bdd8 f i libucrt:close.obj
 0001:0000ae4c       _close                     000000018000be4c f   libucrt:close.obj
 0001:0000aef0       _close_nolock              000000018000bef0 f   libucrt:close.obj
 0001:0000afac       ?__acrt_stdio_free_stream@@YAXV__crt_stdio_stream@@@Z 000000018000bfac f   libucrt:stream.obj
 0001:0000aff0       __dcrt_lowio_initialize_console_output 000000018000bff0 f   libucrt:initcon.obj
 0001:0000b02c       __dcrt_terminate_console_output 000000018000c02c f   libucrt:initcon.obj
 0001:0000b060       _get_fpsr                  000000018000c060 f   libucrt:fpsr.obj
 0001:0000b070       _set_fpsr                  000000018000c070 f   libucrt:fpsr.obj
 0001:0000b07a       _fclrf                     000000018000c07a f   libucrt:fpsr.obj
 0001:0000b08e       _frnd                      000000018000c08e f   libucrt:fpsr.obj
 0001:0000b0b0       _raise_exc                 000000018000c0b0 f   libucrt:fpexcept.obj
 0001:0000b0d8       _raise_exc_ex              000000018000c0d8 f   libucrt:fpexcept.obj
 0001:0000b3e0       _set_errno_from_matherr    000000018000c3e0 f   libucrt:fpexcept.obj
 0001:0000b410       _clrfp                     000000018000c410 f   libucrt:fpctrl.obj
 0001:0000b430       _ctrlfp                    000000018000c430 f   libucrt:fpctrl.obj
 0001:0000b4ac       _set_statfp                000000018000c4ac f   libucrt:fpctrl.obj
 0001:0000b4cc       _statfp                    000000018000c4cc f   libucrt:fpctrl.obj
 0001:0000b4de       IsProcessorFeaturePresent  000000018000c4de f   kernel32:KERNEL32.dll
 0001:0000b4e4       RtlUnwindEx                000000018000c4e4 f   kernel32:KERNEL32.dll
 0001:0000b4ec       ?DloadAcquireSectionWriteAccess@@YAXXZ 000000018000c4ec f i DelayImp:delayhlp.obj
 0001:0000b5a8       ?DloadGetSRWLockFunctionPointers@@YAEXZ 000000018000c5a8 f i DelayImp:delayhlp.obj
 0001:0000b644       ?DloadMakePermanentImageCommit@@YAXPEAX_K@Z 000000018000c644 f i DelayImp:delayhlp.obj
 0001:0000b6dc       ?DloadObtainSection@@YAPEAXPEAK0@Z 000000018000c6dc f i DelayImp:delayhlp.obj
 0001:0000b774       ?DloadProtectSection@@YAXKPEAK@Z 000000018000c774 f i DelayImp:delayhlp.obj
 0001:0000b804       ?DloadReleaseSectionWriteAccess@@YAXXZ 000000018000c804 f i DelayImp:delayhlp.obj
 0001:0000b8a8       __delayLoadHelper2         000000018000c8a8 f   DelayImp:delayhlp.obj
 0001:0000bbb0       _FindPESection             000000018000cbb0 f   LIBCMT:pesect.obj
 0001:0000bc00       _IsNonwritableInCurrentImage 000000018000cc00 f   LIBCMT:pesect.obj
 0001:0000bc50       _ValidateImageBase         000000018000cc50 f   LIBCMT:pesect.obj
 0001:0000bc80       __GSHandlerCheck           000000018000cc80 f   LIBCMT:_gshandler_.obj
 0001:0000bca0       __GSHandlerCheckCommon     000000018000cca0 f   LIBCMT:_gshandler_.obj
 0001:0000bd10       __chkstk                   000000018000cd10 f   LIBCMT:_chkstk_.obj
 0001:0000bd10       _alloca_probe              000000018000cd10 f   LIBCMT:_chkstk_.obj
 0001:0000bd80       memcmp                     000000018000cd80 f   libvcruntime:memcmp.obj
 0001:0000be60       _guard_dispatch_icall_nop  000000018000ce60 f   LIBCMT:_guard_dispatch_.obj
 0002:00000000       __imp_GetModuleHandleA     000000018000e000     kernel32:KERNEL32.dll
 0002:00000008       __imp_VirtualQuery         000000018000e008     kernel32:KERNEL32.dll
 0002:00000010       __imp_VirtualProtect       000000018000e010     kernel32:KERNEL32.dll
 0002:00000018       __imp_GetSystemInfo        000000018000e018     kernel32:KERNEL32.dll
 0002:00000020       __imp_CreateFileW          000000018000e020     kernel32:KERNEL32.dll
 0002:00000028       __imp_RtlCaptureContext    000000018000e028     kernel32:KERNEL32.dll
 0002:00000030       __imp_RtlLookupFunctionEntry 000000018000e030     kernel32:KERNEL32.dll
 0002:00000038       __imp_RtlVirtualUnwind     000000018000e038     kernel32:KERNEL32.dll
 0002:00000040       __imp_UnhandledExceptionFilter 000000018000e040     kernel32:KERNEL32.dll
 0002:00000048       __imp_SetUnhandledExceptionFilter 000000018000e048     kernel32:KERNEL32.dll
 0002:00000050       __imp_GetCurrentProcess    000000018000e050     kernel32:KERNEL32.dll
 0002:00000058       __imp_TerminateProcess     000000018000e058     kernel32:KERNEL32.dll
 0002:00000060       __imp_IsProcessorFeaturePresent 000000018000e060     kernel32:KERNEL32.dll
 0002:00000068       __imp_QueryPerformanceCounter 000000018000e068     kernel32:KERNEL32.dll
 0002:00000070       __imp_GetCurrentProcessId  000000018000e070     kernel32:KERNEL32.dll
 0002:00000078       __imp_GetCurrentThreadId   000000018000e078     kernel32:KERNEL32.dll
 0002:00000080       __imp_GetSystemTimeAsFileTime 000000018000e080     kernel32:KERNEL32.dll
 0002:00000088       __imp_InitializeSListHead  000000018000e088     kernel32:KERNEL32.dll
 0002:00000090       __imp_IsDebuggerPresent    000000018000e090     kernel32:KERNEL32.dll
 0002:00000098       __imp_GetStartupInfoW      000000018000e098     kernel32:KERNEL32.dll
 0002:000000a0       __imp_GetModuleHandleW     000000018000e0a0     kernel32:KERNEL32.dll
 0002:000000a8       __imp_RtlPcToFileHeader    000000018000e0a8     kernel32:KERNEL32.dll
 0002:000000b0       __imp_RaiseException       000000018000e0b0     kernel32:KERNEL32.dll
 0002:000000b8       __imp_RtlUnwindEx          000000018000e0b8     kernel32:KERNEL32.dll
 0002:000000c0       __imp_InterlockedFlushSList 000000018000e0c0     kernel32:KERNEL32.dll
 0002:000000c8       __imp_GetLastError         000000018000e0c8     kernel32:KERNEL32.dll
 0002:000000d0       __imp_SetLastError         000000018000e0d0     kernel32:KERNEL32.dll
 0002:000000d8       __imp_EnterCriticalSection 000000018000e0d8     kernel32:KERNEL32.dll
 0002:000000e0       __imp_LeaveCriticalSection 000000018000e0e0     kernel32:KERNEL32.dll
 0002:000000e8       __imp_DeleteCriticalSection 000000018000e0e8     kernel32:KERNEL32.dll
 0002:000000f0       __imp_InitializeCriticalSectionAndSpinCount 000000018000e0f0     kernel32:KERNEL32.dll
 0002:000000f8       __imp_TlsAlloc             000000018000e0f8     kernel32:KERNEL32.dll
 0002:00000100       __imp_TlsGetValue          000000018000e100     kernel32:KERNEL32.dll
 0002:00000108       __imp_TlsSetValue          000000018000e108     kernel32:KERNEL32.dll
 0002:00000110       __imp_TlsFree              000000018000e110     kernel32:KERNEL32.dll
 0002:00000118       __imp_FreeLibrary          000000018000e118     kernel32:KERNEL32.dll
 0002:00000120       __imp_GetProcAddress       000000018000e120     kernel32:KERNEL32.dll
 0002:00000128       __imp_LoadLibraryExW       000000018000e128     kernel32:KERNEL32.dll
 0002:00000130       __imp_ExitProcess          000000018000e130     kernel32:KERNEL32.dll
 0002:00000138       __imp_GetModuleHandleExW   000000018000e138     kernel32:KERNEL32.dll
 0002:00000140       __imp_GetModuleFileNameA   000000018000e140     kernel32:KERNEL32.dll
 0002:00000148       __imp_MultiByteToWideChar  000000018000e148     kernel32:KERNEL32.dll
 0002:00000150       __imp_WideCharToMultiByte  000000018000e150     kernel32:KERNEL32.dll
 0002:00000158       __imp_HeapFree             000000018000e158     kernel32:KERNEL32.dll
 0002:00000160       __imp_HeapAlloc            000000018000e160     kernel32:KERNEL32.dll
 0002:00000168       __imp_GetACP               000000018000e168     kernel32:KERNEL32.dll
 0002:00000170       __imp_LCMapStringW         000000018000e170     kernel32:KERNEL32.dll
 0002:00000178       __imp_FindClose            000000018000e178     kernel32:KERNEL32.dll
 0002:00000180       __imp_FindFirstFileExA     000000018000e180     kernel32:KERNEL32.dll
 0002:00000188       __imp_FindNextFileA        000000018000e188     kernel32:KERNEL32.dll
 0002:00000190       __imp_IsValidCodePage      000000018000e190     kernel32:KERNEL32.dll
 0002:00000198       __imp_GetOEMCP             000000018000e198     kernel32:KERNEL32.dll
 0002:000001a0       __imp_GetCPInfo            000000018000e1a0     kernel32:KERNEL32.dll
 0002:000001a8       __imp_GetCommandLineA      000000018000e1a8     kernel32:KERNEL32.dll
 0002:000001b0       __imp_GetCommandLineW      000000018000e1b0     kernel32:KERNEL32.dll
 0002:000001b8       __imp_GetEnvironmentStringsW 000000018000e1b8     kernel32:KERNEL32.dll
 0002:000001c0       __imp_FreeEnvironmentStringsW 000000018000e1c0     kernel32:KERNEL32.dll
 0002:000001c8       __imp_GetProcessHeap       000000018000e1c8     kernel32:KERNEL32.dll
 0002:000001d0       __imp_GetStdHandle         000000018000e1d0     kernel32:KERNEL32.dll
 0002:000001d8       __imp_GetFileType          000000018000e1d8     kernel32:KERNEL32.dll
 0002:000001e0       __imp_GetStringTypeW       000000018000e1e0     kernel32:KERNEL32.dll
 0002:000001e8       __imp_HeapSize             000000018000e1e8     kernel32:KERNEL32.dll
 0002:000001f0       __imp_HeapReAlloc          000000018000e1f0     kernel32:KERNEL32.dll
 0002:000001f8       __imp_SetStdHandle         000000018000e1f8     kernel32:KERNEL32.dll
 0002:00000200       __imp_WriteFile            000000018000e200     kernel32:KERNEL32.dll
 0002:00000208       __imp_FlushFileBuffers     000000018000e208     kernel32:KERNEL32.dll
 0002:00000210       __imp_GetConsoleCP         000000018000e210     kernel32:KERNEL32.dll
 0002:00000218       __imp_GetConsoleMode       000000018000e218     kernel32:KERNEL32.dll
 0002:00000220       __imp_SetFilePointerEx     000000018000e220     kernel32:KERNEL32.dll
 0002:00000228       __imp_CloseHandle          000000018000e228     kernel32:KERNEL32.dll
 0002:00000230       __imp_WriteConsoleW        000000018000e230     kernel32:KERNEL32.dll
 0002:00000238       __imp_LoadLibraryExA       000000018000e238     kernel32:KERNEL32.dll
 0002:00000240       \177KERNEL32_NULL_THUNK_DATA 000000018000e240     kernel32:KERNEL32.dll
 0002:00000248       __imp_GetWindowTextA       000000018000e248     user32:USER32.dll
 0002:00000250       __imp_GetForegroundWindow  000000018000e250     user32:USER32.dll
 0002:00000258       __imp_GetWindowRect        000000018000e258     user32:USER32.dll
 0002:00000260       \177USER32_NULL_THUNK_DATA 000000018000e260     user32:USER32.dll
 0002:00000268       __guard_check_icall_fptr   000000018000e268     LIBCMT:guard_support.obj
 0002:00000270       __guard_dispatch_icall_fptr 000000018000e270     LIBCMT:guard_support.obj
 0002:00000278       __xc_a                     000000018000e278     LIBCMT:initializers.obj
 0002:00000280       _register_testaddon_       000000018000e280     main.obj
 0002:00000288       __xc_z                     000000018000e288     LIBCMT:initializers.obj
 0002:00000290       __xi_a                     000000018000e290     LIBCMT:initializers.obj
 0002:00000298       __acrt_multibyte_initializer 000000018000e298     libucrt:multibyte_initializer.obj
 0002:000002a0       __acrt_stdio_initializer   000000018000e2a0     libucrt:stdio_initializer.obj
 0002:000002a8       __acrt_tran_fma3_initializer 000000018000e2a8     libucrt:fma3_initializer.obj
 0002:000002b0       __xi_z                     000000018000e2b0     LIBCMT:initializers.obj
 0002:000002b8       __xp_a                     000000018000e2b8     LIBCMT:initializers.obj
 0002:000002c0       __acrt_locale_terminator   000000018000e2c0     libucrt:locale_initializer.obj
 0002:000002c8       __dcrt_console_output_terminator 000000018000e2c8     libucrt:console_output_initializer.obj
 0002:000002d0       __acrt_stdio_terminator    000000018000e2d0     libucrt:stdio_initializer.obj
 0002:000002d8       __xp_z                     000000018000e2d8     LIBCMT:initializers.obj
 0002:000002e0       __xt_a                     000000018000e2e0     LIBCMT:initializers.obj
 0002:000002e8       __xt_z                     000000018000e2e8     LIBCMT:initializers.obj
 0002:000002f0       __sz_node_exe              000000018000e2f0     node:node.exe
 0002:00000308       ??_7exception@std@@6B@     000000018000e308     libcpmt:xthrow.obj
 0002:00000318       ??_C@_0BC@EOODALEL@Unknown?5exception?$AA@ 000000018000e318     libcpmt:xthrow.obj
 0002:00000338       ??_7bad_alloc@std@@6B@     000000018000e338     libcpmt:xthrow.obj
 0002:00000348       ??_C@_0P@GHFPNOJB@bad?5allocation?$AA@ 000000018000e348     libcpmt:xthrow.obj
 0002:00000360       ??_7logic_error@std@@6B@   000000018000e360     libcpmt:xthrow.obj
 0002:00000378       ??_7length_error@std@@6B@  000000018000e378     libcpmt:xthrow.obj
 0002:00000390       ??_7out_of_range@std@@6B@  000000018000e390     libcpmt:xthrow.obj
 0002:000003a0       _pRawDllMain               000000018000e3a0     LIBCMT:dll_dllmain.obj
 0002:000003a0       _pDefaultRawDllMain        000000018000e3a0     LIBCMT:dll_dllmain.obj
 0002:000003b0       ??_7type_info@@6B@         000000018000e3b0     LIBCMT:std_type_info_static.obj
 0002:000003d0       ??_7bad_array_new_length@std@@6B@ 000000018000e3d0     LIBCMT:throw_bad_alloc.obj
 0002:000003e0       ??_C@_0BF@KINCDENJ@bad?5array?5new?5length?$AA@ 000000018000e3e0     LIBCMT:throw_bad_alloc.obj
 0002:00000460       ??_C@_1BC@DNHGCMLG@?$AAa?$AAd?$AAv?$AAa?$AAp?$AAi?$AA3?$AA2?$AA?$AA@ 000000018000e460     libvcruntime:winapi_downlevel.obj
 0002:00000478       ??_C@_1DM@KHCHBNEB@?$AAa?$AAp?$AAi?$AA?9?$AAm?$AAs?$AA?9?$AAw?$AAi?$AAn?$AA?9?$AAc?$AAo?$AAr?$AAe?$AA?9?$AAf?$AAi?$AAb?$AAe?$AAr?$AAs?$AA?9?$AAl?$AA1?$AA?9?$AA1?$AA?9?$AA1?$AA?$AA@ 000000018000e478     libvcruntime:winapi_downlevel.obj
 0002:000004b8       ??_C@_1DK@LPPGFMPP@?$AAa?$AAp?$AAi?$AA?9?$AAm?$AAs?$AA?9?$AAw?$AAi?$AAn?$AA?9?$AAc?$AAo?$AAr?$AAe?$AA?9?$AAs?$AAy?$AAn?$AAc?$AAh?$AA?9?$AAl?$AA1?$AA?9?$AA2?$AA?9?$AA0?$AA?$AA@ 000000018000e4b8     libvcruntime:winapi_downlevel.obj
 0002:000004f8       ??_C@_1BC@GDMECMAK@?$AAk?$AAe?$AAr?$AAn?$AAe?$AAl?$AA3?$AA2?$AA?$AA@ 000000018000e4f8     libvcruntime:winapi_downlevel.obj
 0002:00000518       ??_C@_08KNHFBNJ@FlsAlloc?$AA@ 000000018000e518     libvcruntime:winapi_downlevel.obj
 0002:00000530       ??_C@_07PEJMOBNF@FlsFree?$AA@ 000000018000e530     libvcruntime:winapi_downlevel.obj
 0002:00000540       ??_C@_0M@GDNOONDI@FlsGetValue?$AA@ 000000018000e540     libvcruntime:winapi_downlevel.obj
 0002:00000558       ??_C@_0M@JCPCPOEF@FlsSetValue?$AA@ 000000018000e558     libvcruntime:winapi_downlevel.obj
 0002:00000570       ??_C@_0BM@HCFOFFN@InitializeCriticalSectionEx?$AA@ 000000018000e570     libvcruntime:winapi_downlevel.obj
 0002:000008b0       ??_C@_08EHJDFFNH@__based?$CI?$AA@ 000000018000e8b0     libvcruntime:undname.obj
 0002:000008c0       ??_C@_07KOLFKCDI@__cdecl?$AA@ 000000018000e8c0     libvcruntime:undname.obj
 0002:000008c8       ??_C@_08GHMPAG@__pascal?$AA@ 000000018000e8c8     libvcruntime:undname.obj
 0002:000008d8       ??_C@_09IFJBGAPI@__stdcall?$AA@ 000000018000e8d8     libvcruntime:undname.obj
 0002:000008e8       ??_C@_0L@NPHFGOKO@__thiscall?$AA@ 000000018000e8e8     libvcruntime:undname.obj
 0002:000008f8       ??_C@_0L@JMKHOMEK@__fastcall?$AA@ 000000018000e8f8     libvcruntime:undname.obj
 0002:00000908       ??_C@_0N@BCKKPABJ@__vectorcall?$AA@ 000000018000e908     libvcruntime:undname.obj
 0002:00000918       ??_C@_09HIJEGCPM@__clrcall?$AA@ 000000018000e918     libvcruntime:undname.obj
 0002:00000924       ??_C@_06GHPCKEAG@__eabi?$AA@ 000000018000e924     libvcruntime:undname.obj
 0002:00000930       ??_C@_07JOMMBBKO@__ptr64?$AA@ 000000018000e930     libvcruntime:undname.obj
 0002:00000938       ??_C@_0L@PILCLIHE@__restrict?$AA@ 000000018000e938     libvcruntime:undname.obj
 0002:00000948       ??_C@_0M@GFIIJFMG@__unaligned?$AA@ 000000018000e948     libvcruntime:undname.obj
 0002:00000958       ??_C@_09DHDLOLLB@restrict?$CI?$AA@ 000000018000e958     libvcruntime:undname.obj
 0002:00000962       ??_C@_00CNPNBAHC@?$AA@     000000018000e962     libvcruntime:undname.obj
 0002:00000964       ??_C@_04NIHEBCM@?5new?$AA@ 000000018000e964     libvcruntime:undname.obj
 0002:00000970       ??_C@_07FPCDHGMM@?5delete?$AA@ 000000018000e970     libvcruntime:undname.obj
 0002:00000978       ??_C@_01NEMOKFLO@?$DN?$AA@ 000000018000e978     libvcruntime:undname.obj
 0002:0000097c       ??_C@_02GPIOPFAK@?$DO?$DO?$AA@ 000000018000e97c     libvcruntime:undname.obj
 0002:00000980       ??_C@_02FODMEDOG@?$DM?$DM?$AA@ 000000018000e980     libvcruntime:undname.obj
 0002:00000984       ??_C@_01DCLJPIOD@?$CB?$AA@ 000000018000e984     libvcruntime:undname.obj
 0002:00000988       ??_C@_02EGOFBIJA@?$DN?$DN?$AA@ 000000018000e988     libvcruntime:undname.obj
 0002:0000098c       ??_C@_02FDNJECIE@?$CB?$DN?$AA@ 000000018000e98c     libvcruntime:undname.obj
 0002:00000990       ??_C@_02GPECMEKF@?$FL?$FN?$AA@ 000000018000e990     libvcruntime:undname.obj
 0002:00000998       ??_C@_08LHJFAFGD@operator?$AA@ 000000018000e998     libvcruntime:undname.obj
 0002:000009a4       ??_C@_02HBOOOICD@?9?$DO?$AA@ 000000018000e9a4     libvcruntime:undname.obj
 0002:000009a8       ??_C@_01NBENCBCI@?$CK?$AA@ 000000018000e9a8     libvcruntime:undname.obj
 0002:000009ac       ??_C@_02ECNGHCIF@?$CL?$CL?$AA@ 000000018000e9ac     libvcruntime:undname.obj
 0002:000009b0       ??_C@_02BAABKJLB@?9?9?$AA@ 000000018000e9b0     libvcruntime:undname.obj
 0002:000009b4       ??_C@_01JOAMLHOP@?9?$AA@   000000018000e9b4     libvcruntime:undname.obj
 0002:000009b8       ??_C@_01MIFGBAGJ@?$CL?$AA@ 000000018000e9b8     libvcruntime:undname.obj
 0002:000009bc       ??_C@_01HNPIGOCE@?$CG?$AA@ 000000018000e9bc     libvcruntime:undname.obj
 0002:000009c0       ??_C@_03MNHNFDLC@?9?$DO?$CK?$AA@ 000000018000e9c0     libvcruntime:undname.obj
 0002:000009c4       ??_C@_01KMDKNFGN@?1?$AA@   000000018000e9c4     libvcruntime:undname.obj
 0002:000009c8       ??_C@_01FGNFDNOH@?$CF?$AA@ 000000018000e9c8     libvcruntime:undname.obj
 0002:000009cc       ??_C@_01MNNFJEPP@?$DM?$AA@ 000000018000e9cc     libvcruntime:undname.obj
 0002:000009d0       ??_C@_02EHCHHCKH@?$DM?$DN?$AA@ 000000018000e9d0     libvcruntime:undname.obj
 0002:000009d4       ??_C@_01PPODPGHN@?$DO?$AA@ 000000018000e9d4     libvcruntime:undname.obj
 0002:000009d8       ??_C@_02EEKDKGMJ@?$DO?$DN?$AA@ 000000018000e9d8     libvcruntime:undname.obj
 0002:000009dc       ??_C@_01IHBHIGKO@?0?$AA@   000000018000e9dc     libvcruntime:undname.obj
 0002:000009e0       ??_C@_02HCKGKOFO@?$CI?$CJ?$AA@ 000000018000e9e0     libvcruntime:undname.obj
 0002:000009e4       ??_C@_01PJKLJHI@?$HO?$AA@  000000018000e9e4     libvcruntime:undname.obj
 0002:000009e8       ??_C@_01JKBOJNNK@?$FO?$AA@ 000000018000e9e8     libvcruntime:undname.obj
 0002:000009ec       ??_C@_01DNKMNLPK@?$HM?$AA@ 000000018000e9ec     libvcruntime:undname.obj
 0002:000009f0       ??_C@_02PPKAJPJL@?$CG?$CG?$AA@ 000000018000e9f0     libvcruntime:undname.obj
 0002:000009f4       ??_C@_02NONPIBCD@?$HM?$HM?$AA@ 000000018000e9f4     libvcruntime:undname.obj
 0002:000009f8       ??_C@_02FPIMKNGF@?$CK?$DN?$AA@ 000000018000e9f8     libvcruntime:undname.obj
 0002:000009fc       ??_C@_02FOEOMHFC@?$CL?$DN?$AA@ 000000018000e9fc     libvcruntime:undname.obj
 0002:00000a00       ??_C@_02FKMDLLOA@?9?$DN?$AA@ 000000018000ea00     libvcruntime:undname.obj
 0002:00000a04       ??_C@_02FJEHGPIO@?1?$DN?$AA@ 000000018000ea04     libvcruntime:undname.obj
 0002:00000a08       ??_C@_02FENAOKFI@?$CF?$DN?$AA@ 000000018000ea08     libvcruntime:undname.obj
 0002:00000a0c       ??_C@_03IKFCCPFF@?$DO?$DO?$DN?$AA@ 000000018000ea0c     libvcruntime:undname.obj
 0002:00000a10       ??_C@_03CDNPDDLA@?$DM?$DM?$DN?$AA@ 000000018000ea10     libvcruntime:undname.obj
 0002:00000a14       ??_C@_02FGJGFEAB@?$CG?$DN?$AA@ 000000018000ea14     libvcruntime:undname.obj
 0002:00000a18       ??_C@_02DHLNPPGH@?$HM?$DN?$AA@ 000000018000ea18     libvcruntime:undname.obj
 0002:00000a1c       ??_C@_02MHEGNOJ@?$FO?$DN?$AA@ 000000018000ea1c     libvcruntime:undname.obj
 0002:00000a20       ??_C@_09IFPLHPGF@?$GAvftable?8?$AA@ 000000018000ea20     libvcruntime:undname.obj
 0002:00000a30       ??_C@_09BLBHBJP@?$GAvbtable?8?$AA@ 000000018000ea30     libvcruntime:undname.obj
 0002:00000a40       ??_C@_07FEEIOKP@?$GAvcall?8?$AA@ 000000018000ea40     libvcruntime:undname.obj
 0002:00000a48       ??_C@_08LLFFHHDJ@?$GAtypeof?8?$AA@ 000000018000ea48     libvcruntime:undname.obj
 0002:00000a58       ??_C@_0BF@KDPPACIK@?$GAlocal?5static?5guard?8?$AA@ 000000018000ea58     libvcruntime:undname.obj
 0002:00000a70       ??_C@_08OBABFOLI@?$GAstring?8?$AA@ 000000018000ea70     libvcruntime:undname.obj
 0002:00000a80       ??_C@_0BD@JDLKDPAB@?$GAvbase?5destructor?8?$AA@ 000000018000ea80     libvcruntime:undname.obj
 0002:00000a98       ??_C@_0BN@DEGPLNFK@?$GAvector?5deleting?5destructor?8?$AA@ 000000018000ea98     libvcruntime:undname.obj
 0002:00000ab8       ??_C@_0BO@OBMKPJIG@?$GAdefault?5constructor?5closure?8?$AA@ 000000018000eab8     libvcruntime:undname.obj
 0002:00000ad8       ??_C@_0BN@IMDCHIKM@?$GAscalar?5deleting?5destructor?8?$AA@ 000000018000ead8     libvcruntime:undname.obj
 0002:00000af8       ??_C@_0BO@PFGOCPJJ@?$GAvector?5constructor?5iterator?8?$AA@ 000000018000eaf8     libvcruntime:undname.obj
 0002:00000b18       ??_C@_0BN@LFPFMEDL@?$GAvector?5destructor?5iterator?8?$AA@ 000000018000eb18     libvcruntime:undname.obj
 0002:00000b38       ??_C@_0CE@IKBNEHA@?$GAvector?5vbase?5constructor?5iterat@ 000000018000eb38     libvcruntime:undname.obj
 0002:00000b60       ??_C@_0BL@NILFHHPC@?$GAvirtual?5displacement?5map?8?$AA@ 000000018000eb60     libvcruntime:undname.obj
 0002:00000b80       ??_C@_0CB@JONCMFFK@?$GAeh?5vector?5constructor?5iterator?8@ 000000018000eb80     libvcruntime:undname.obj
 0002:00000ba8       ??_C@_0CA@GCEOPDGL@?$GAeh?5vector?5destructor?5iterator?8?$AA@ 000000018000eba8     libvcruntime:undname.obj
 0002:00000bc8       ??_C@_0CH@OOJPLCPH@?$GAeh?5vector?5vbase?5constructor?5ite@ 000000018000ebc8     libvcruntime:undname.obj
 0002:00000bf0       ??_C@_0BL@LLKPOHJI@?$GAcopy?5constructor?5closure?8?$AA@ 000000018000ebf0     libvcruntime:undname.obj
 0002:00000c10       ??_C@_0BA@KBCDOMBN@?$GAudt?5returning?8?$AA@ 000000018000ec10     libvcruntime:undname.obj
 0002:00000c20       ??_C@_03KLGMFNMG@?$GAEH?$AA@ 000000018000ec20     libvcruntime:undname.obj
 0002:00000c24       ??_C@_05KHLCHHI@?$GARTTI?$AA@ 000000018000ec24     libvcruntime:undname.obj
 0002:00000c30       ??_C@_0BA@KKLDJDLB@?$GAlocal?5vftable?8?$AA@ 000000018000ec30     libvcruntime:undname.obj
 0002:00000c40       ??_C@_0CE@IIHCMGGL@?$GAlocal?5vftable?5constructor?5closu@ 000000018000ec40     libvcruntime:undname.obj
 0002:00000c64       ??_C@_06FHBGPFGH@?5new?$FL?$FN?$AA@ 000000018000ec64     libvcruntime:undname.obj
 0002:00000c70       ??_C@_09LBNFPBCA@?5delete?$FL?$FN?$AA@ 000000018000ec70     libvcruntime:undname.obj
 0002:00000c80       ??_C@_0P@HJKNJFNN@?$GAomni?5callsig?8?$AA@ 000000018000ec80     libvcruntime:undname.obj
 0002:00000c90       ??_C@_0BL@CNOONJFP@?$GAplacement?5delete?5closure?8?$AA@ 000000018000ec90     libvcruntime:undname.obj
 0002:00000cb0       ??_C@_0BN@CKNJLHMB@?$GAplacement?5delete?$FL?$FN?5closure?8?$AA@ 000000018000ecb0     libvcruntime:undname.obj
 0002:00000cd0       ??_C@_0CG@CFDHKGGD@?$GAmanaged?5vector?5constructor?5iter@ 000000018000ecd0     libvcruntime:undname.obj
 0002:00000cf8       ??_C@_0CF@IMGKMJNO@?$GAmanaged?5vector?5destructor?5itera@ 000000018000ecf8     libvcruntime:undname.obj
 0002:00000d20       ??_C@_0CG@HLDDJMAG@?$GAeh?5vector?5copy?5constructor?5iter@ 000000018000ed20     libvcruntime:undname.obj
 0002:00000d48       ??_C@_0CM@FCBBDIGB@?$GAeh?5vector?5vbase?5copy?5constructo@ 000000018000ed48     libvcruntime:undname.obj
 0002:00000d78       ??_C@_0BL@CLIPGLGB@?$GAdynamic?5initializer?5for?5?8?$AA@ 000000018000ed78     libvcruntime:undname.obj
 0002:00000d98       ??_C@_0CB@PDBIFEP@?$GAdynamic?5atexit?5destructor?5for?5?8@ 000000018000ed98     libvcruntime:undname.obj
 0002:00000dc0       ??_C@_0CD@CGAJBKEJ@?$GAvector?5copy?5constructor?5iterato@ 000000018000edc0     libvcruntime:undname.obj
 0002:00000de8       ??_C@_0CJ@GJELGAMM@?$GAvector?5vbase?5copy?5constructor?5i@ 000000018000ede8     libvcruntime:undname.obj
 0002:00000e18       ??_C@_0CL@FGIJHLCE@?$GAmanaged?5vector?5copy?5constructor@ 000000018000ee18     libvcruntime:undname.obj
 0002:00000e48       ??_C@_0BM@PMGGMLDN@?$GAlocal?5static?5thread?5guard?8?$AA@ 000000018000ee48     libvcruntime:undname.obj
 0002:00000e68       ??_C@_0N@BDNMDMOL@operator?5?$CC?$CC?5?$AA@ 000000018000ee68     libvcruntime:undname.obj
 0002:00000e78       ??_C@_0BC@DAFEJGAK@?5Type?5Descriptor?8?$AA@ 000000018000ee78     libvcruntime:undname.obj
 0002:00000e90       ??_C@_0BM@LDKODKLH@?5Base?5Class?5Descriptor?5at?5?$CI?$AA@ 000000018000ee90     libvcruntime:undname.obj
 0002:00000eb0       ??_C@_0BD@LGICGFMM@?5Base?5Class?5Array?8?$AA@ 000000018000eeb0     libvcruntime:undname.obj
 0002:00000ec8       ??_C@_0BN@MECKDCOJ@?5Class?5Hierarchy?5Descriptor?8?$AA@ 000000018000eec8     libvcruntime:undname.obj
 0002:00000ee8       ??_C@_0BK@CFCOFLF@?5Complete?5Object?5Locator?8?$AA@ 000000018000eee8     libvcruntime:undname.obj
 0002:00000f10       __acrt_exception_action_table 000000018000ef10     libucrt:exception_filter.obj
 0002:00000fd0       __acrt_signal_action_table_count 000000018000efd0     libucrt:exception_filter.obj
 0002:00000fd8       __acrt_signal_action_first_fpe_index 000000018000efd8     libucrt:exception_filter.obj
 0002:00000fe0       __acrt_signal_action_fpe_count 000000018000efe0     libucrt:exception_filter.obj
 0002:00000fe8       ??_C@_1BI@BGOHAHKC@?$AAm?$AAs?$AAc?$AAo?$AAr?$AAe?$AAe?$AA?4?$AAd?$AAl?$AAl?$AA?$AA@ 000000018000efe8     libucrt:exit.obj
 0002:00001000       ??_C@_0P@MIGLKIOC@CorExitProcess?$AA@ 000000018000f000     libucrt:exit.obj
 0002:00001270       __lc_time_c                000000018000f270     libucrt:nlsdata.obj
 0002:00001530       ??_C@_03KOEHGMDN@Sun?$AA@  000000018000f530     libucrt:nlsdata.obj
 0002:00001534       ??_C@_03PDAGKDH@Mon?$AA@   000000018000f534     libucrt:nlsdata.obj
 0002:00001538       ??_C@_03NAGEINEP@Tue?$AA@  000000018000f538     libucrt:nlsdata.obj
 0002:0000153c       ??_C@_03MHOMLAJA@Wed?$AA@  000000018000f53c     libucrt:nlsdata.obj
 0002:00001540       ??_C@_03IOFIKPDN@Thu?$AA@  000000018000f540     libucrt:nlsdata.obj
 0002:00001544       ??_C@_03IDIOELNC@Fri?$AA@  000000018000f544     libucrt:nlsdata.obj
 0002:00001548       ??_C@_03FEFJNEK@Sat?$AA@   000000018000f548     libucrt:nlsdata.obj
 0002:0000154c       ??_C@_06OOPIFAJ@Sunday?$AA@ 000000018000f54c     libucrt:nlsdata.obj
 0002:00001554       ??_C@_06JLEDEDGH@Monday?$AA@ 000000018000f554     libucrt:nlsdata.obj
 0002:00001560       ??_C@_07BAAGCFCM@Tuesday?$AA@ 000000018000f560     libucrt:nlsdata.obj
 0002:00001568       ??_C@_09DLIGFAKA@Wednesday?$AA@ 000000018000f568     libucrt:nlsdata.obj
 0002:00001578       ??_C@_08HACCIKIA@Thursday?$AA@ 000000018000f578     libucrt:nlsdata.obj
 0002:00001584       ??_C@_06JECMNKMI@Friday?$AA@ 000000018000f584     libucrt:nlsdata.obj
 0002:00001590       ??_C@_08INBOOONO@Saturday?$AA@ 000000018000f590     libucrt:nlsdata.obj
 0002:0000159c       ??_C@_03JIHJHPIE@Jan?$AA@  000000018000f59c     libucrt:nlsdata.obj
 0002:000015a0       ??_C@_03HJBDCHOM@Feb?$AA@  000000018000f5a0     libucrt:nlsdata.obj
 0002:000015a4       ??_C@_03ODNJBKGA@Mar?$AA@  000000018000f5a4     libucrt:nlsdata.obj
 0002:000015a8       ??_C@_03LEOLGMJP@Apr?$AA@  000000018000f5a8     libucrt:nlsdata.obj
 0002:000015ac       ??_C@_03CNMDKL@May?$AA@    000000018000f5ac     libucrt:nlsdata.obj
 0002:000015b0       ??_C@_03IDFGHECI@Jun?$AA@  000000018000f5b0     libucrt:nlsdata.obj
 0002:000015b4       ??_C@_03LBGABGKK@Jul?$AA@  000000018000f5b4     libucrt:nlsdata.obj
 0002:000015b8       ??_C@_03IFJFEIGA@Aug?$AA@  000000018000f5b8     libucrt:nlsdata.obj
 0002:000015bc       ??_C@_03GGCAPAJC@Sep?$AA@  000000018000f5bc     libucrt:nlsdata.obj
 0002:000015c0       ??_C@_03BMAOKBAD@Oct?$AA@  000000018000f5c0     libucrt:nlsdata.obj
 0002:000015c4       ??_C@_03JPJOFNIA@Nov?$AA@  000000018000f5c4     libucrt:nlsdata.obj
 0002:000015c8       ??_C@_03MKABNOCG@Dec?$AA@  000000018000f5c8     libucrt:nlsdata.obj
 0002:000015d0       ??_C@_07CGJPFGJA@January?$AA@ 000000018000f5d0     libucrt:nlsdata.obj
 0002:000015d8       ??_C@_08GNJGEPFN@February?$AA@ 000000018000f5d8     libucrt:nlsdata.obj
 0002:000015e4       ??_C@_05HPCKOFNC@March?$AA@ 000000018000f5e4     libucrt:nlsdata.obj
 0002:000015ec       ??_C@_05DMJDNLEJ@April?$AA@ 000000018000f5ec     libucrt:nlsdata.obj
 0002:000015f4       ??_C@_04CNLMGBGM@June?$AA@ 000000018000f5f4     libucrt:nlsdata.obj
 0002:000015fc       ??_C@_04MIEPOIFP@July?$AA@ 000000018000f5fc     libucrt:nlsdata.obj
 0002:00001604       ??_C@_06LBBHFDDG@August?$AA@ 000000018000f604     libucrt:nlsdata.obj
 0002:00001610       ??_C@_09BHHEALKD@September?$AA@ 000000018000f610     libucrt:nlsdata.obj
 0002:00001620       ??_C@_07JJNFCEND@October?$AA@ 000000018000f620     libucrt:nlsdata.obj
 0002:00001628       ??_C@_08HCHEGEOA@November?$AA@ 000000018000f628     libucrt:nlsdata.obj
 0002:00001638       ??_C@_08EDHMEBNP@December?$AA@ 000000018000f638     libucrt:nlsdata.obj
 0002:00001644       ??_C@_02DEDBPAFC@AM?$AA@   000000018000f644     libucrt:nlsdata.obj
 0002:00001648       ??_C@_02CJNFDJBF@PM?$AA@   000000018000f648     libucrt:nlsdata.obj
 0002:00001650       ??_C@_08BPBNCDIB@MM?1dd?1yy?$AA@ 000000018000f650     libucrt:nlsdata.obj
 0002:00001660       ??_C@_0BE@CKGJFCPC@dddd?0?5MMMM?5dd?0?5yyyy?$AA@ 000000018000f660     libucrt:nlsdata.obj
 0002:00001678       ??_C@_08JCCMCCIL@HH?3mm?3ss?$AA@ 000000018000f678     libucrt:nlsdata.obj
 0002:00001688       ??_C@_17MBGCMIPB@?$AAS?$AAu?$AAn?$AA?$AA@ 000000018000f688     libucrt:nlsdata.obj
 0002:00001690       ??_C@_17KBOMKBF@?$AAM?$AAo?$AAn?$AA?$AA@ 000000018000f690     libucrt:nlsdata.obj
 0002:00001698       ??_C@_17BMKGEGOJ@?$AAT?$AAu?$AAe?$AA?$AA@ 000000018000f698     libucrt:nlsdata.obj
 0002:000016a0       ??_C@_17CJEDCEPE@?$AAW?$AAe?$AAd?$AA?$AA@ 000000018000f6a0     libucrt:nlsdata.obj
 0002:000016a8       ??_C@_17PDPHAADD@?$AAT?$AAh?$AAu?$AA?$AA@ 000000018000f6a8     libucrt:nlsdata.obj
 0002:000016b0       ??_C@_17HFOLPPLP@?$AAF?$AAr?$AAi?$AA?$AA@ 000000018000f6b0     libucrt:nlsdata.obj
 0002:000016b8       ??_C@_17GGIBDPIH@?$AAS?$AAa?$AAt?$AA?$AA@ 000000018000f6b8     libucrt:nlsdata.obj
 0002:000016c0       ??_C@_1O@IHNHDHPB@?$AAS?$AAu?$AAn?$AAd?$AAa?$AAy?$AA?$AA@ 000000018000f6c0     libucrt:nlsdata.obj
 0002:000016d0       ??_C@_1O@MMNBFLIA@?$AAM?$AAo?$AAn?$AAd?$AAa?$AAy?$AA?$AA@ 000000018000f6d0     libucrt:nlsdata.obj
 0002:000016e0       ??_C@_1BA@ENFBFFEK@?$AAT?$AAu?$AAe?$AAs?$AAd?$AAa?$AAy?$AA?$AA@ 000000018000f6e0     libucrt:nlsdata.obj
 0002:000016f0       ??_C@_1BE@EBOGMDOH@?$AAW?$AAe?$AAd?$AAn?$AAe?$AAs?$AAd?$AAa?$AAy?$AA?$AA@ 000000018000f6f0     libucrt:nlsdata.obj
 0002:00001708       ??_C@_1BC@HHMNLIHE@?$AAT?$AAh?$AAu?$AAr?$AAs?$AAd?$AAa?$AAy?$AA?$AA@ 000000018000f708     libucrt:nlsdata.obj
 0002:00001720       ??_C@_1O@PDICJHAG@?$AAF?$AAr?$AAi?$AAd?$AAa?$AAy?$AA?$AA@ 000000018000f720     libucrt:nlsdata.obj
 0002:00001730       ??_C@_1BC@ENMNNPAJ@?$AAS?$AAa?$AAt?$AAu?$AAr?$AAd?$AAa?$AAy?$AA?$AA@ 000000018000f730     libucrt:nlsdata.obj
 0002:00001748       ??_C@_17DKNBKCHM@?$AAJ?$AAa?$AAn?$AA?$AA@ 000000018000f748     libucrt:nlsdata.obj
 0002:00001750       ??_C@_17LMDJEKJN@?$AAF?$AAe?$AAb?$AA?$AA@ 000000018000f750     libucrt:nlsdata.obj
 0002:00001758       ??_C@_17CKNLEDEC@?$AAM?$AAa?$AAr?$AA?$AA@ 000000018000f758     libucrt:nlsdata.obj
 0002:00001760       ??_C@_17LFPOIHDD@?$AAA?$AAp?$AAr?$AA?$AA@ 000000018000f760     libucrt:nlsdata.obj
 0002:00001768       ??_C@_17PNNKMEED@?$AAM?$AAa?$AAy?$AA?$AA@ 000000018000f768     libucrt:nlsdata.obj
 0002:00001770       ??_C@_17KCJGOCPB@?$AAJ?$AAu?$AAn?$AA?$AA@ 000000018000f770     libucrt:nlsdata.obj
 0002:00001778       ??_C@_17IJPCKHK@?$AAJ?$AAu?$AAl?$AA?$AA@ 000000018000f778     libucrt:nlsdata.obj
 0002:00001780       ??_C@_17ICPELBCN@?$AAA?$AAu?$AAg?$AA?$AA@ 000000018000f780     libucrt:nlsdata.obj
 0002:00001788       ??_C@_17HCHCOKMG@?$AAS?$AAe?$AAp?$AA?$AA@ 000000018000f788     libucrt:nlsdata.obj
 0002:00001790       ??_C@_17FNLKOI@?$AAO?$AAc?$AAt?$AA?$AA@ 000000018000f790     libucrt:nlsdata.obj
 0002:00001798       ??_C@_17BBDMLCIG@?$AAN?$AAo?$AAv?$AA?$AA@ 000000018000f798     libucrt:nlsdata.obj
 0002:000017a0       ??_C@_17EGKACKIF@?$AAD?$AAe?$AAc?$AA?$AA@ 000000018000f7a0     libucrt:nlsdata.obj
 0002:000017a8       ??_C@_1BA@EFMEIEBA@?$AAJ?$AAa?$AAn?$AAu?$AAa?$AAr?$AAy?$AA?$AA@ 000000018000f7a8     libucrt:nlsdata.obj
 0002:000017b8       ??_C@_1BC@JGDDFFAM@?$AAF?$AAe?$AAb?$AAr?$AAu?$AAa?$AAr?$AAy?$AA?$AA@ 000000018000f7b8     libucrt:nlsdata.obj
 0002:000017d0       ??_C@_1M@IKEENEDF@?$AAM?$AAa?$AAr?$AAc?$AAh?$AA?$AA@ 000000018000f7d0     libucrt:nlsdata.obj
 0002:000017e0       ??_C@_1M@GJNLMHFD@?$AAA?$AAp?$AAr?$AAi?$AAl?$AA?$AA@ 000000018000f7e0     libucrt:nlsdata.obj
 0002:000017f0       ??_C@_19EPFLPGAP@?$AAJ?$AAu?$AAn?$AAe?$AA?$AA@ 000000018000f7f0     libucrt:nlsdata.obj
 0002:00001800       ??_C@_19BIFMLPCD@?$AAJ?$AAu?$AAl?$AAy?$AA?$AA@ 000000018000f800     libucrt:nlsdata.obj
 0002:00001810       ??_C@_1O@PAHLKOAC@?$AAA?$AAu?$AAg?$AAu?$AAs?$AAt?$AA?$AA@ 000000018000f810     libucrt:nlsdata.obj
 0002:00001820       ??_C@_1BE@DKAAMBJL@?$AAS?$AAe?$AAp?$AAt?$AAe?$AAm?$AAb?$AAe?$AAr?$AA?$AA@ 000000018000f820     libucrt:nlsdata.obj
 0002:00001838       ??_C@_1BA@EPANDLNG@?$AAO?$AAc?$AAt?$AAo?$AAb?$AAe?$AAr?$AA?$AA@ 000000018000f838     libucrt:nlsdata.obj
 0002:00001848       ??_C@_1BC@BGLIFPF@?$AAN?$AAo?$AAv?$AAe?$AAm?$AAb?$AAe?$AAr?$AA?$AA@ 000000018000f848     libucrt:nlsdata.obj
 0002:00001860       ??_C@_1BC@FEMKIFH@?$AAD?$AAe?$AAc?$AAe?$AAm?$AAb?$AAe?$AAr?$AA?$AA@ 000000018000f860     libucrt:nlsdata.obj
 0002:00001874       ??_C@_15ODEHAHHF@?$AAA?$AAM?$AA?$AA@ 000000018000f874     libucrt:nlsdata.obj
 0002:0000187c       ??_C@_15CLMNNGEL@?$AAP?$AAM?$AA?$AA@ 000000018000f87c     libucrt:nlsdata.obj
 0002:00001888       ??_C@_1BC@IEBCMHCM@?$AAM?$AAM?$AA?1?$AAd?$AAd?$AA?1?$AAy?$AAy?$AA?$AA@ 000000018000f888     libucrt:nlsdata.obj
 0002:000018a0       ??_C@_1CI@KNAKOEBC@?$AAd?$AAd?$AAd?$AAd?$AA?0?$AA?5?$AAM?$AAM?$AAM?$AAM?$AA?5?$AAd?$AAd?$AA?0?$AA?5?$AAy?$AAy?$AAy?$AAy?$AA?$AA@ 000000018000f8a0     libucrt:nlsdata.obj
 0002:000018c8       ??_C@_1BC@GDGBMEMK@?$AAH?$AAH?$AA?3?$AAm?$AAm?$AA?3?$AAs?$AAs?$AA?$AA@ 000000018000f8c8     libucrt:nlsdata.obj
 0002:000018e0       ??_C@_1M@BMHNFIME@?$AAe?$AAn?$AA?9?$AAU?$AAS?$AA?$AA@ 000000018000f8e0     libucrt:nlsdata.obj
 0002:00001990       ??_C@_1EG@CNNIPFIM@?$AAa?$AAp?$AAi?$AA?9?$AAm?$AAs?$AA?9?$AAw?$AAi?$AAn?$AA?9?$AAa?$AAp?$AAp?$AAm?$AAo?$AAd?$AAe?$AAl?$AA?9?$AAr?$AAu?$AAn?$AAt?$AAi?$AAm?$AAe?$AA?9?$AAl?$AA1?$AA?9?$AA1@ 000000018000f990     libucrt:winapi_thunks.obj
 0002:000019e0       ??_C@_1EA@JGEFHKEI@?$AAa?$AAp?$AAi?$AA?9?$AAm?$AAs?$AA?9?$AAw?$AAi?$AAn?$AA?9?$AAc?$AAo?$AAr?$AAe?$AA?9?$AAd?$AAa?$AAt?$AAe?$AAt?$AAi?$AAm?$AAe?$AA?9?$AAl?$AA1?$AA?9?$AA1?$AA?9?$AA1?$AA?$AA@ 000000018000f9e0     libucrt:winapi_thunks.obj
 0002:00001a20       ??_C@_1DI@GCIAAENM@?$AAa?$AAp?$AAi?$AA?9?$AAm?$AAs?$AA?9?$AAw?$AAi?$AAn?$AA?9?$AAc?$AAo?$AAr?$AAe?$AA?9?$AAf?$AAi?$AAl?$AAe?$AA?9?$AAl?$AA2?$AA?9?$AA1?$AA?9?$AA1?$AA?$AA@ 000000018000fa20     libucrt:winapi_thunks.obj
 0002:00001a60       ??_C@_1EI@MPIAOHOC@?$AAa?$AAp?$AAi?$AA?9?$AAm?$AAs?$AA?9?$AAw?$AAi?$AAn?$AA?9?$AAc?$AAo?$AAr?$AAe?$AA?9?$AAl?$AAo?$AAc?$AAa?$AAl?$AAi?$AAz?$AAa?$AAt?$AAi?$AAo?$AAn?$AA?9?$AAl?$AA1?$AA?9@ 000000018000fa60     libucrt:winapi_thunks.obj
 0002:00001ab0       ??_C@_1FK@FPHCKFIE@?$AAa?$AAp?$AAi?$AA?9?$AAm?$AAs?$AA?9?$AAw?$AAi?$AAn?$AA?9?$AAc?$AAo?$AAr?$AAe?$AA?9?$AAl?$AAo?$AAc?$AAa?$AAl?$AAi?$AAz?$AAa?$AAt?$AAi?$AAo?$AAn?$AA?9?$AAo?$AAb?$AAs@ 000000018000fab0     libucrt:winapi_thunks.obj
 0002:00001b10       ??_C@_1EM@DILCGIIO@?$AAa?$AAp?$AAi?$AA?9?$AAm?$AAs?$AA?9?$AAw?$AAi?$AAn?$AA?9?$AAc?$AAo?$AAr?$AAe?$AA?9?$AAp?$AAr?$AAo?$AAc?$AAe?$AAs?$AAs?$AAt?$AAh?$AAr?$AAe?$AAa?$AAd?$AAs?$AA?9?$AAl@ 000000018000fb10     libucrt:winapi_thunks.obj
 0002:00001b60       ??_C@_1DM@LNCGDDPN@?$AAa?$AAp?$AAi?$AA?9?$AAm?$AAs?$AA?9?$AAw?$AAi?$AAn?$AA?9?$AAc?$AAo?$AAr?$AAe?$AA?9?$AAs?$AAt?$AAr?$AAi?$AAn?$AAg?$AA?9?$AAl?$AA1?$AA?9?$AA1?$AA?9?$AA0?$AA?$AA@ 000000018000fb60     libucrt:winapi_thunks.obj
 0002:00001ba0       ??_C@_1DO@FPAPJEMD@?$AAa?$AAp?$AAi?$AA?9?$AAm?$AAs?$AA?9?$AAw?$AAi?$AAn?$AA?9?$AAc?$AAo?$AAr?$AAe?$AA?9?$AAs?$AAy?$AAs?$AAi?$AAn?$AAf?$AAo?$AA?9?$AAl?$AA1?$AA?9?$AA2?$AA?9?$AA1?$AA?$AA@ 000000018000fba0     libucrt:winapi_thunks.obj
 0002:00001be0       ??_C@_1DK@NDHNAHIO@?$AAa?$AAp?$AAi?$AA?9?$AAm?$AAs?$AA?9?$AAw?$AAi?$AAn?$AA?9?$AAc?$AAo?$AAr?$AAe?$AA?9?$AAw?$AAi?$AAn?$AAr?$AAt?$AA?9?$AAl?$AA1?$AA?9?$AA1?$AA?9?$AA0?$AA?$AA@ 000000018000fbe0     libucrt:winapi_thunks.obj
 0002:00001c20       ??_C@_1DM@KGHDGBCM@?$AAa?$AAp?$AAi?$AA?9?$AAm?$AAs?$AA?9?$AAw?$AAi?$AAn?$AA?9?$AAc?$AAo?$AAr?$AAe?$AA?9?$AAx?$AAs?$AAt?$AAa?$AAt?$AAe?$AA?9?$AAl?$AA2?$AA?9?$AA1?$AA?9?$AA0?$AA?$AA@ 000000018000fc20     libucrt:winapi_thunks.obj
 0002:00001c60       ??_C@_1EO@IJIOEFOH@?$AAa?$AAp?$AAi?$AA?9?$AAm?$AAs?$AA?9?$AAw?$AAi?$AAn?$AA?9?$AAr?$AAt?$AAc?$AAo?$AAr?$AAe?$AA?9?$AAn?$AAt?$AAu?$AAs?$AAe?$AAr?$AA?9?$AAw?$AAi?$AAn?$AAd?$AAo?$AAw?$AA?9@ 000000018000fc60     libucrt:winapi_thunks.obj
 0002:00001cb0       ??_C@_1FG@HHGEKANL@?$AAa?$AAp?$AAi?$AA?9?$AAm?$AAs?$AA?9?$AAw?$AAi?$AAn?$AA?9?$AAs?$AAe?$AAc?$AAu?$AAr?$AAi?$AAt?$AAy?$AA?9?$AAs?$AAy?$AAs?$AAt?$AAe?$AAm?$AAf?$AAu?$AAn?$AAc?$AAt?$AAi@ 000000018000fcb0     libucrt:winapi_thunks.obj
 0002:00001d10       ??_C@_1FG@NCKKOLKO@?$AAe?$AAx?$AAt?$AA?9?$AAm?$AAs?$AA?9?$AAw?$AAi?$AAn?$AA?9?$AAk?$AAe?$AAr?$AAn?$AAe?$AAl?$AA3?$AA2?$AA?9?$AAp?$AAa?$AAc?$AAk?$AAa?$AAg?$AAe?$AA?9?$AAc?$AAu?$AAr?$AAr@ 000000018000fd10     libucrt:winapi_thunks.obj
 0002:00001d70       ??_C@_1EG@DBIOJECG@?$AAe?$AAx?$AAt?$AA?9?$AAm?$AAs?$AA?9?$AAw?$AAi?$AAn?$AA?9?$AAn?$AAt?$AAu?$AAs?$AAe?$AAr?$AA?9?$AAd?$AAi?$AAa?$AAl?$AAo?$AAg?$AAb?$AAo?$AAx?$AA?9?$AAl?$AA1?$AA?9?$AA1@ 000000018000fd70     libucrt:winapi_thunks.obj
 0002:00001dc0       ??_C@_1EO@FIHMJCLF@?$AAe?$AAx?$AAt?$AA?9?$AAm?$AAs?$AA?9?$AAw?$AAi?$AAn?$AA?9?$AAn?$AAt?$AAu?$AAs?$AAe?$AAr?$AA?9?$AAw?$AAi?$AAn?$AAd?$AAo?$AAw?$AAs?$AAt?$AAa?$AAt?$AAi?$AAo?$AAn?$AA?9@ 000000018000fdc0     libucrt:winapi_thunks.obj
 0002:00001e10       ??_C@_1O@BCCLBEOE@?$AAu?$AAs?$AAe?$AAr?$AA3?$AA2?$AA?$AA@ 000000018000fe10     libucrt:winapi_thunks.obj
 0002:00001e48       ??_C@_0BE@JOGNEJCI@GetCurrentPackageId?$AA@ 000000018000fe48     libucrt:winapi_thunks.obj
 0002:00001e70       ??_C@_0O@KKBNKAPF@LCMapStringEx?$AA@ 000000018000fe70     libucrt:winapi_thunks.obj
 0002:00001e88       ??_C@_0BB@HBDEELFH@LocaleNameToLCID?$AA@ 000000018000fe88     libucrt:winapi_thunks.obj
 0002:00001ec0       ??_C@_1M@HPNHIDJI@?$AAj?$AAa?$AA?9?$AAJ?$AAP?$AA?$AA@ 000000018000fec0     libucrt:mbctype.obj
 0002:00001ed0       ??_C@_1M@BIBDDEMK@?$AAz?$AAh?$AA?9?$AAC?$AAN?$AA?$AA@ 000000018000fed0     libucrt:mbctype.obj
 0002:00001ee0       ??_C@_1M@JLOOOEGK@?$AAk?$AAo?$AA?9?$AAK?$AAR?$AA?$AA@ 000000018000fee0     libucrt:mbctype.obj
 0002:00001ef0       ??_C@_1M@CLNBBOPM@?$AAz?$AAh?$AA?9?$AAT?$AAW?$AA?$AA@ 000000018000fef0     libucrt:mbctype.obj
 0002:00001f00       __newctype                 000000018000ff00     libucrt:ctype.obj
 0002:00002200       __newclmap                 0000000180010200     libucrt:ctype.obj
 0002:00002380       __newcumap                 0000000180010380     libucrt:ctype.obj
 0002:00002500       ??_C@_15PJPFLCCM@?$AAu?$AAk?$AA?$AA@ 0000000180010500     libucrt:get_qualified_locale.obj
 0002:00003350       ??_C@_15EMKDOKLE@?$AAa?$AAr?$AA?$AA@ 0000000180011350     libucrt:lcidtoname_downlevel.obj
 0002:00003358       ??_C@_15KNPADPLH@?$AAb?$AAg?$AA?$AA@ 0000000180011358     libucrt:lcidtoname_downlevel.obj
 0002:00003360       ??_C@_15EDMHLDMO@?$AAc?$AAa?$AA?$AA@ 0000000180011360     libucrt:lcidtoname_downlevel.obj
 0002:00003368       ??_C@_1O@BPEAJADD@?$AAz?$AAh?$AA?9?$AAC?$AAH?$AAS?$AA?$AA@ 0000000180011368     libucrt:lcidtoname_downlevel.obj
 0002:00003378       ??_C@_15LJNHCMNK@?$AAc?$AAs?$AA?$AA@ 0000000180011378     libucrt:lcidtoname_downlevel.obj
 0002:00003380       ??_C@_15FOMCIDHG@?$AAd?$AAa?$AA?$AA@ 0000000180011380     libucrt:lcidtoname_downlevel.obj
 0002:00003388       ??_C@_15NBKABECB@?$AAd?$AAe?$AA?$AA@ 0000000180011388     libucrt:lcidtoname_downlevel.obj
 0002:00003390       ??_C@_15GHPEIIAO@?$AAe?$AAl?$AA?$AA@ 0000000180011390     libucrt:lcidtoname_downlevel.obj
 0002:00003398       ??_C@_15MNPNEAIF@?$AAe?$AAn?$AA?$AA@ 0000000180011398     libucrt:lcidtoname_downlevel.obj
 0002:000033a0       ??_C@_15GPIOMPMH@?$AAe?$AAs?$AA?$AA@ 00000001800113a0     libucrt:lcidtoname_downlevel.obj
 0002:000033a8       ??_C@_15NGLOAKJC@?$AAf?$AAi?$AA?$AA@ 00000001800113a8     libucrt:lcidtoname_downlevel.obj
 0002:000033b0       ??_C@_15FBKGNKAM@?$AAf?$AAr?$AA?$AA@ 00000001800113b0     libucrt:lcidtoname_downlevel.obj
 0002:000033b8       ??_C@_15KGGCNEFK@?$AAh?$AAe?$AA?$AA@ 00000001800113b8     libucrt:lcidtoname_downlevel.obj
 0002:000033c0       ??_C@_15PGHLIDMF@?$AAh?$AAu?$AA?$AA@ 00000001800113c0     libucrt:lcidtoname_downlevel.obj
 0002:000033c8       ??_C@_15BIEMAPLM@?$AAi?$AAs?$AA?$AA@ 00000001800113c8     libucrt:lcidtoname_downlevel.obj
 0002:000033d0       ??_C@_15IFJLDHAF@?$AAi?$AAt?$AA?$AA@ 00000001800113d0     libucrt:lcidtoname_downlevel.obj
 0002:000033d8       ??_C@_15GEMIOCAG@?$AAj?$AAa?$AA?$AA@ 00000001800113d8     libucrt:lcidtoname_downlevel.obj
 0002:000033e0       ??_C@_15EPELEGJA@?$AAk?$AAo?$AA?$AA@ 00000001800113e0     libucrt:lcidtoname_downlevel.obj
 0002:000033e8       ??_C@_15NDDHIMN@?$AAn?$AAl?$AA?$AA@ 00000001800113e8     libucrt:lcidtoname_downlevel.obj
 0002:000033f0       ??_C@_15BPIGNHCD@?$AAn?$AAo?$AA?$AA@ 00000001800113f0     libucrt:lcidtoname_downlevel.obj
 0002:000033f8       ??_C@_15DEOPBLCG@?$AAp?$AAl?$AA?$AA@ 00000001800113f8     libucrt:lcidtoname_downlevel.obj
 0002:00003400       ??_C@_15KBECGEFG@?$AAp?$AAt?$AA?$AA@ 0000000180011400     libucrt:lcidtoname_downlevel.obj
 0002:00003408       ??_C@_15GLJCBFMD@?$AAr?$AAo?$AA?$AA@ 0000000180011408     libucrt:lcidtoname_downlevel.obj
 0002:00003410       ??_C@_15FEDGKCDI@?$AAr?$AAu?$AA?$AA@ 0000000180011410     libucrt:lcidtoname_downlevel.obj
 0002:00003418       ??_C@_15GLKMLLHM@?$AAh?$AAr?$AA?$AA@ 0000000180011418     libucrt:lcidtoname_downlevel.obj
 0002:00003420       ??_C@_15CPKMFBDB@?$AAs?$AAk?$AA?$AA@ 0000000180011420     libucrt:lcidtoname_downlevel.obj
 0002:00003428       ??_C@_15BAAIOGMK@?$AAs?$AAq?$AA?$AA@ 0000000180011428     libucrt:lcidtoname_downlevel.obj
 0002:00003430       ??_C@_15INNPNOHD@?$AAs?$AAv?$AA?$AA@ 0000000180011430     libucrt:lcidtoname_downlevel.obj
 0002:00003438       ??_C@_15CABMMOGH@?$AAt?$AAh?$AA?$AA@ 0000000180011438     libucrt:lcidtoname_downlevel.obj
 0002:00003440       ??_C@_15BPLIHJJM@?$AAt?$AAr?$AA?$AA@ 0000000180011440     libucrt:lcidtoname_downlevel.obj
[...]
 0004:000008e8       $pdata$?getSystemCP@@YAHH@Z 000000018001a8e8     libucrt:mbctype.obj
 0004:000008f4       $pdata$?setSBCS@@YAXPEAU__crt_multibyte_data@@@Z 000000018001a8f4     libucrt:mbctype.obj
 0004:00000900       $pdata$?setSBUpLow@@YAXPEAU__crt_multibyte_data@@@Z 000000018001a900     libucrt:mbctype.obj
 0004:0000090c       $pdata$?setmbcp_internal@@YAHH_N@Z 000000018001a90c     libucrt:mbctype.obj
 0004:00000918       $pdata$__acrt_initialize_multibyte 000000018001a918     libucrt:mbctype.obj
 0004:00000924       $pdata$__acrt_update_thread_multibyte_data 000000018001a924     libucrt:mbctype.obj
 0004:00000930       $pdata$_setmbcp_nolock     000000018001a930     libucrt:mbctype.obj
 0004:0000093c       $pdata$?x_ismbbtype_l@@YAHPEAU__crt_locale_pointers@@IHH@Z 000000018001a93c     libucrt:ismbbyte.obj
 0004:00000948       $pdata$__acrt_initialize_command_line 000000018001a948     libucrt:argv_data.obj
 0004:00000954       $pdata$__dcrt_get_narrow_environment_from_os 000000018001a954     libucrt:get_environment_from_os.obj
 0004:00000960       $pdata$_recalloc_base      000000018001a960     libucrt:recalloc.obj
 0004:0000096c       $pdata$__acrt_initialize_heap 000000018001a96c     libucrt:heap_handle.obj
 0004:00000978       $pdata$?initialize_inherited_file_handles_nolock@@YAXXZ 000000018001a978     libucrt:ioinit.obj
 0004:00000984       $pdata$?initialize_stdio_handles_nolock@@YAXXZ 000000018001a984     libucrt:ioinit.obj
 0004:00000990       $pdata$__acrt_initialize_lowio 000000018001a990     libucrt:ioinit.obj
 0004:0000099c       $pdata$__acrt_uninitialize_lowio 000000018001a99c     libucrt:ioinit.obj
 0004:000009a8       $pdata$__acrt_execute_initializers 000000018001a9a8     libucrt:shared_initialization.obj
 0004:000009b4       $pdata$__acrt_execute_uninitializers 000000018001a9b4     libucrt:shared_initialization.obj
 0004:000009c0       $pdata$??$?RV<lambda_c36588078e9f5dfd39652860aa6b3aaf>@@AEAV<lambda_ec61778202f4f5fc7e7711acc23c3bca>@@V<lambda_dc9d2797ccde5d239b4a0efae8ebd7db>@@@?$__crt_seh_guarded_call@P6AXH@Z@@QEAAP6AXH@Z$$QEAV<lambda_c36588078e9f5dfd39652860aa6b3aaf>@@AEAV<lambda_ec61778202f4f5fc7e7711acc23c3bca>@@$$QEAV<lambda_dc9d2797ccde5d239b4a0efae8ebd7db>@@@Z 000000018001a9c0     libucrt:signal.obj
 0004:000009cc       $pdata$__acrt_get_sigabrt_handler 000000018001a9cc     libucrt:signal.obj
 0004:000009d8       $pdata$raise               000000018001a9d8     libucrt:signal.obj
 0004:000009e4       $pdata$__acrt_invoke_user_matherr 000000018001a9e4     libucrt:matherr.obj
 0004:000009f0       $pdata$_mbtowc_l           000000018001a9f0     libucrt:mbtowc.obj
 0004:000009fc       $pdata$_fileno             000000018001a9fc     libucrt:fileno.obj
 0004:00000a08       $pdata$__acrt_initialize_stdio 000000018001aa08     libucrt:_file.obj
 0004:00000a14       $pdata$__acrt_uninitialize_stdio 000000018001aa14     libucrt:_file.obj
 0004:00000a20       $pdata$__pctype_func       000000018001aa20     libucrt:ctype.obj
 0004:00000a2c       $pdata$_isctype_l          000000018001aa2c     libucrt:isctype.obj
 0004:00000a38       $pdata$__acrt_free_locale  000000018001aa38     libucrt:locale_refcounting.obj
 0004:00000a44       $pdata$__acrt_locale_free_lc_time_if_unreferenced 000000018001aa44     libucrt:locale_refcounting.obj
 0004:00000a50       $pdata$__acrt_release_locale_ref 000000018001aa50     libucrt:locale_refcounting.obj
 0004:00000a5c       $pdata$__acrt_update_thread_locale_data 000000018001aa5c     libucrt:locale_refcounting.obj
 0004:00000a68       $pdata$_updatetlocinfoEx_nolock 000000018001aa68     libucrt:locale_refcounting.obj
 0004:00000a74       $pdata$_isleadbyte_l       000000018001aa74     libucrt:_wctype.obj
 0004:00000a80       $pdata$?__acrt_LCMapStringA_stat@@YAHPEAU__crt_locale_pointers@@PEB_WKPEBDHPEADHHH@Z 000000018001aa80     libucrt:lcmapstringa.obj
 0004:00000a8c       $pdata$__acrt_LCMapStringA 000000018001aa8c     libucrt:lcmapstringa.obj
 0004:00000a98       $pdata$__acrt_locale_free_monetary 000000018001aa98     libucrt:initmon.obj
 0004:00000aa4       $pdata$__acrt_locale_free_numeric 000000018001aaa4     libucrt:initnum.obj
 0004:00000ab0       $pdata$?free_crt_array_internal@@YAXQEAPEBX_K@Z 000000018001aab0     libucrt:inittime.obj
 0004:00000abc       $pdata$__acrt_locale_free_time 000000018001aabc     libucrt:inittime.obj
 0004:00000ac8       $pdata$__acrt_GetStringTypeA 000000018001aac8     libucrt:getstringtypea.obj
 0004:00000ad4       $pdata$?GetTableIndexFromLocaleName@@YAHPEB_W@Z 000000018001aad4     libucrt:lcidtoname_downlevel.obj
 0004:00000ae0       $pdata$__acrt_DownlevelLocaleNameToLCID 000000018001aae0     libucrt:lcidtoname_downlevel.obj
 0004:00000aec       $pdata$?shortsort@@YAXPEAD0_KP6AHPEBX2@Z@Z 000000018001aaec     libucrt:qsort.obj
 0004:00000af8       $pdata$2$?shortsort@@YAXPEAD0_KP6AHPEBX2@Z@Z 000000018001aaf8     libucrt:qsort.obj
 0004:00000b04       $pdata$3$?shortsort@@YAXPEAD0_KP6AHPEBX2@Z@Z 000000018001ab04     libucrt:qsort.obj
 0004:00000b10       $pdata$qsort               000000018001ab10     libucrt:qsort.obj
 0004:00000b1c       $pdata$4$qsort             000000018001ab1c     libucrt:qsort.obj
 0004:00000b28       $pdata$5$qsort             000000018001ab28     libucrt:qsort.obj
 0004:00000b34       $pdata$strncpy_s           000000018001ab34     libucrt:strncpy_s.obj
 0004:00000b40       $pdata$strpbrk             000000018001ab40     libucrt:strpbrk.obj
 0004:00000b4c       $pdata$_mbsdec_l           000000018001ab4c     libucrt:mbsdec.obj
 0004:00000b58       $pdata$?initialize_multibyte@@YAHXZ 000000018001ab58     libucrt:multibyte_initializer.obj
 0004:00000b64       $pdata$_msize              000000018001ab64     libucrt:msize.obj
 0004:00000b70       $pdata$_realloc_base       000000018001ab70     libucrt:realloc_base.obj
 0004:00000b7c       $pdata$__acrt_lowio_create_handle_array 000000018001ab7c     libucrt:osfinfo.obj
 0004:00000b88       $pdata$__acrt_lowio_destroy_handle_array 000000018001ab88     libucrt:osfinfo.obj
 0004:00000b94       $pdata$__acrt_lowio_ensure_fh_exists 000000018001ab94     libucrt:osfinfo.obj
 0004:00000ba0       $pdata$_free_osfhnd        000000018001aba0     libucrt:osfinfo.obj
 0004:00000bac       $pdata$_get_osfhandle      000000018001abac     libucrt:osfinfo.obj
 0004:00000bb8       $pdata$_isatty             000000018001abb8     libucrt:isatty.obj
 0004:00000bc4       $pdata$__acrt_stdio_flush_nolock 000000018001abc4     libucrt:fflush.obj
 0004:00000bd0       $pdata$_fflush_nolock      000000018001abd0     libucrt:fflush.obj
 0004:00000bdc       $pdata$common_flush_all    000000018001abdc     libucrt:fflush.obj
 0004:00000be8       $pdata$_fcloseall          000000018001abe8     libucrt:closeall.obj
 0004:00000bf4       $pdata$__acrt_stdio_free_buffer_nolock 000000018001abf4     libucrt:_freebuf.obj
 0004:00000c00       $pdata$??$?RV<lambda_b521505b218e5242e90febf6bfebc422>@@AEAV<lambda_6978c1fb23f02e42e1d9e99668cc68aa>@@V<lambda_314360699dd331753a4119843814e9a7>@@@?$__crt_seh_guarded_call@H@@QEAAH$$QEAV<lambda_b521505b218e5242e90febf6bfebc422>@@AEAV<lambda_6978c1fb23f02e42e1d9e99668cc68aa>@@$$QEAV<lambda_314360699dd331753a4119843814e9a7>@@@Z 000000018001ac00     libucrt:commit.obj
 0004:00000c0c       $pdata$_commit             000000018001ac0c     libucrt:commit.obj
 0004:00000c18       $pdata$?write_double_translated_ansi_nolock@@YA?AUwrite_result@?A0x9c548279@@HQEBDI@Z 000000018001ac18     libucrt:write.obj
 0004:00000c24       $pdata$?write_text_ansi_nolock@@YA?AUwrite_result@?A0x9c548279@@HQEBDI@Z 000000018001ac24     libucrt:write.obj
 0004:00000c30       $pdata$?write_text_utf16le_nolock@@YA?AUwrite_result@?A0x9c548279@@HQEBDI@Z 000000018001ac30     libucrt:write.obj
 0004:00000c3c       $pdata$?write_text_utf8_nolock@@YA?AUwrite_result@?A0x9c548279@@HQEBDI@Z 000000018001ac3c     libucrt:write.obj
 0004:00000c48       $pdata$_write              000000018001ac48     libucrt:write.obj
 0004:00000c54       $pdata$_write_nolock       000000018001ac54     libucrt:write.obj
 0004:00000c6c       $pdata$??$common_lseek_nolock@_J@@YA_JH_JH@Z 000000018001ac6c     libucrt:lseek.obj
 0004:00000c78       $pdata$_fclose_nolock      000000018001ac78     libucrt:fclose.obj
 0004:00000c84       $pdata$fclose              000000018001ac84     libucrt:fclose.obj
 0004:00000c90       $pdata$_putwch_nolock      000000018001ac90     libucrt:putwch.obj
 0004:00000c9c       $pdata$_call_matherr       000000018001ac9c     libucrt:libm_error.obj
 0004:00000ca8       $pdata$_exception_enabled  000000018001aca8     libucrt:libm_error.obj
 0004:00000cb4       $pdata$_handle_error       000000018001acb4     libucrt:libm_error.obj
 0004:00000cc0       $pdata$__acrt_initialize_fma3 000000018001acc0     libucrt:fma3_available.obj
 0004:00000ccc       $pdata$_log10_special      000000018001accc     libucrt:log_special.obj
 0004:00000cd8       $pdata$_log_special_common 000000018001acd8     libucrt:log_special.obj
 0004:00000ce4       $pdata$??$?RV<lambda_bfedae4ebbf01fab1bb6dcc6a9e276e0>@@AEAV<lambda_2fe9b910cf3cbf4a0ab98a02ba45b3ec>@@V<lambda_237c231691f317818eb88cc1d5d642d6>@@@?$__crt_seh_guarded_call@H@@QEAAH$$QEAV<lambda_bfedae4ebbf01fab1bb6dcc6a9e276e0>@@AEAV<lambda_2fe9b910cf3cbf4a0ab98a02ba45b3ec>@@$$QEAV<lambda_237c231691f317818eb88cc1d5d642d6>@@@Z 000000018001ace4     libucrt:close.obj
 0004:00000cf0       $pdata$_close              000000018001acf0     libucrt:close.obj
 0004:00000cfc       $pdata$_close_nolock       000000018001acfc     libucrt:close.obj
 0004:00000d08       $pdata$__dcrt_lowio_initialize_console_output 000000018001ad08     libucrt:initcon.obj
 0004:00000d14       $pdata$__dcrt_terminate_console_output 000000018001ad14     libucrt:initcon.obj
 0004:00000d2c       $pdata$_raise_exc          000000018001ad2c     libucrt:fpexcept.obj
 0004:00000d38       $pdata$_raise_exc_ex       000000018001ad38     libucrt:fpexcept.obj
 0004:00000d44       $pdata$_set_errno_from_matherr 000000018001ad44     libucrt:fpexcept.obj
 0004:00000d50       $pdata$_clrfp              000000018001ad50     libucrt:fpctrl.obj
 0004:00000d5c       $pdata$_ctrlfp             000000018001ad5c     libucrt:fpctrl.obj
 0004:00000d68       $pdata$_set_statfp         000000018001ad68     libucrt:fpctrl.obj
 0004:00000d74       $pdata$_statfp             000000018001ad74     libucrt:fpctrl.obj
 0004:00000d80       $pdata$?DloadAcquireSectionWriteAccess@@YAXXZ 000000018001ad80     DelayImp:delayhlp.obj
 0004:00000d8c       $pdata$?DloadGetSRWLockFunctionPointers@@YAEXZ 000000018001ad8c     DelayImp:delayhlp.obj
 0004:00000d98       $pdata$?DloadMakePermanentImageCommit@@YAXPEAX_K@Z 000000018001ad98     DelayImp:delayhlp.obj
 0004:00000da4       $pdata$?DloadObtainSection@@YAPEAXPEAK0@Z 000000018001ada4     DelayImp:delayhlp.obj
 0004:00000db0       $pdata$?DloadProtectSection@@YAXKPEAK@Z 000000018001adb0     DelayImp:delayhlp.obj
 0004:00000dbc       $pdata$?DloadReleaseSectionWriteAccess@@YAXXZ 000000018001adbc     DelayImp:delayhlp.obj
 0004:00000dc8       $pdata$__delayLoadHelper2  000000018001adc8     DelayImp:delayhlp.obj
 0004:00000dd4       $pdata$_IsNonwritableInCurrentImage 000000018001add4     LIBCMT:pesect.obj
 0004:00000de0       $pdata$__GSHandlerCheck    000000018001ade0     LIBCMT:_gshandler_.obj
 0004:00000dec       $pdata$__GSHandlerCheckCommon 000000018001adec     LIBCMT:_gshandler_.obj
 0004:00000e1c       $pdata$?fin$0@?0??dllmain_crt_process_attach@@YAHQEAUHINSTANCE__@@QEAX@Z@4HA 000000018001ae1c     LIBCMT:dll_dllmain.obj
 0004:00000e28       $pdata$?fin$0@?0??dllmain_crt_process_detach@@YAH_N@Z@4HA 000000018001ae28     LIBCMT:dll_dllmain.obj
 0004:00000e34       $pdata$?filt$0@?0??dllmain_dispatch@@YAHQEAUHINSTANCE__@@KQEAX@Z@4HA 000000018001ae34     LIBCMT:dll_dllmain.obj
 0004:00000e40       $pdata$__scrt_is_nonwritable_in_current_image$filt$0 000000018001ae40     LIBCMT:utility.obj
 0004:00000e4c       $pdata$_query_new_handler$fin$0 000000018001ae4c     libucrt:new_handler.obj
 0004:00000e58       $pdata$?filt$0@?0??common_exit@@YAXHW4_crt_exit_cleanup_mode@@W4_crt_exit_return_mode@@@Z@4HA 000000018001ae58     libucrt:exit.obj
 0004:00000e64       $pdata$?fin$1@?0??common_exit@@YAXHW4_crt_exit_cleanup_mode@@W4_crt_exit_return_mode@@@Z@4HA 000000018001ae64     libucrt:exit.obj
 0004:00000e70       $pdata$?fin$0@?0???$?RV<lambda_e24bbb7b643b32fcea6fa61b31d4c984>@@AEAV<lambda_275893d493268fdec8709772e3fcec0e>@@V<lambda_9d71df4d7cf3f480f8d633942495c3b0>@@@?$__crt_seh_guarded_call@H@@QEAAH$$QEAV<lambda_e24bbb7b643b32fcea6fa61b31d4c984>@@AEAV<lambda_275893d493268fdec8709772e3fcec0e>@@$$QEAV<lambda_9d71df4d7cf3f480f8d633942495c3b0>@@@Z@4HA 000000018001ae70     libucrt:onexit.obj
 0004:00000e7c       $pdata$?fin$0@?0???$?RV<lambda_99476a1ad63dd22509b5d3e65b0ffc95>@@AEAV<lambda_ad1ced32f4ac17aa236e5ef05d6b3b7c>@@V<lambda_f7424dd8d45958661754dc4f2697e9c3>@@@?$__crt_seh_guarded_call@X@@QEAAX$$QEAV<lambda_99476a1ad63dd22509b5d3e65b0ffc95>@@AEAV<lambda_ad1ced32f4ac17aa236e5ef05d6b3b7c>@@$$QEAV<lambda_f7424dd8d45958661754dc4f2697e9c3>@@@Z@4HA 000000018001ae7c     libucrt:mbctype.obj
 0004:00000e7c       $pdata$?fin$0@?0???$?RV<lambda_c36588078e9f5dfd39652860aa6b3aaf>@@AEAV<lambda_ec61778202f4f5fc7e7711acc23c3bca>@@V<lambda_dc9d2797ccde5d239b4a0efae8ebd7db>@@@?$__crt_seh_guarded_call@P6AXH@Z@@QEAAP6AXH@Z$$QEAV<lambda_c36588078e9f5dfd39652860aa6b3aaf>@@AEAV<lambda_ec61778202f4f5fc7e7711acc23c3bca>@@$$QEAV<lambda_dc9d2797ccde5d239b4a0efae8ebd7db>@@@Z@4HA 000000018001ae7c     libucrt:signal.obj
 0004:00000e7c       $pdata$?fin$0@?0???$?RV<lambda_5e887d1dcbef67a5eb4283622ba103bf>@@AEAV<lambda_4466841279450cc726390878d4a41900>@@V<lambda_341c25c0346d94847f1f3c463c57e077>@@@?$__crt_seh_guarded_call@X@@QEAAX$$QEAV<lambda_5e887d1dcbef67a5eb4283622ba103bf>@@AEAV<lambda_4466841279450cc726390878d4a41900>@@$$QEAV<lambda_341c25c0346d94847f1f3c463c57e077>@@@Z@4HA 000000018001ae7c     libucrt:per_thread_data.obj
 0004:00000e7c       $pdata$?fin$0@?0???$?RV<lambda_b8c45f8f788dd370798f47cfe8ac3a86>@@AEAV<lambda_4e60a939b0d047cfe11ddc22648dfba9>@@V<lambda_332c3edc96d0294ec56c57d38c1cdfd5>@@@?$__crt_seh_guarded_call@H@@QEAAH$$QEAV<lambda_b8c45f8f788dd370798f47cfe8ac3a86>@@AEAV<lambda_4e60a939b0d047cfe11ddc22648dfba9>@@$$QEAV<lambda_332c3edc96d0294ec56c57d38c1cdfd5>@@@Z@4HA 000000018001ae7c     libucrt:onexit.obj
 0004:00000e7c       $pdata$?fin$0@?0???$?RV<lambda_fb3a7dec4e47f37f22dae91bb15c9095>@@AEAV<lambda_698284760c8add0bfb0756c19673e34b>@@V<lambda_dfb8eca1e75fef3034a8fb18dd509707>@@@?$__crt_seh_guarded_call@X@@QEAAX$$QEAV<lambda_fb3a7dec4e47f37f22dae91bb15c9095>@@AEAV<lambda_698284760c8add0bfb0756c19673e34b>@@$$QEAV<lambda_dfb8eca1e75fef3034a8fb18dd509707>@@@Z@4HA 000000018001ae7c     libucrt:per_thread_data.obj
 0004:00000e7c       $pdata$?fin$0@?0???$?RV<lambda_72d1df2b273a38828b1ce30cbf4cdab5>@@AEAV<lambda_876a65b173b8412d3a47c70a915b0cf4>@@V<lambda_41932305e351933ebe8f8be3ed8bb5dc>@@@?$__crt_seh_guarded_call@X@@QEAAX$$QEAV<lambda_72d1df2b273a38828b1ce30cbf4cdab5>@@AEAV<lambda_876a65b173b8412d3a47c70a915b0cf4>@@$$QEAV<lambda_41932305e351933ebe8f8be3ed8bb5dc>@@@Z@4HA 000000018001ae7c     libucrt:per_thread_data.obj
 0004:00000e7c       $pdata$?fin$0@?0???$?RV<lambda_46352004c1216016012b18bd6f87e700>@@AEAV<lambda_3bd07e1a1191394380780325891bf33f>@@V<lambda_334532d3f185bcaa59b5be82d7d22bff>@@@?$__crt_seh_guarded_call@X@@QEAAX$$QEAV<lambda_46352004c1216016012b18bd6f87e700>@@AEAV<lambda_3bd07e1a1191394380780325891bf33f>@@$$QEAV<lambda_334532d3f185bcaa59b5be82d7d22bff>@@@Z@4HA 000000018001ae7c     libucrt:per_thread_data.obj
 0004:00000e88       $pdata$__acrt_update_thread_multibyte_data$fin$0 000000018001ae88     libucrt:mbctype.obj
 0004:00000e94       $pdata$raise$fin$0         000000018001ae94     libucrt:signal.obj
 0004:00000ea0       $pdata$__acrt_uninitialize_locale$fin$0 000000018001aea0     libucrt:wsetlocale.obj
 0004:00000ea0       $pdata$__acrt_update_thread_locale_data$fin$0 000000018001aea0     libucrt:locale_refcounting.obj
 0004:00000eac       $pdata$__acrt_initialize_lowio$fin$0 000000018001aeac     libucrt:ioinit.obj
 0004:00000eac       $pdata$__acrt_lowio_ensure_fh_exists$fin$0 000000018001aeac     libucrt:osfinfo.obj
 0004:00000eb8       $pdata$common_flush_all$fin$0 000000018001aeb8     libucrt:fflush.obj
 0004:00000ec4       $pdata$common_flush_all$fin$1 000000018001aec4     libucrt:fflush.obj
 0004:00000ed0       $pdata$_fcloseall$fin$0    000000018001aed0     libucrt:closeall.obj
 0004:00000edc       $pdata$?fin$0@?0???$?RV<lambda_b521505b218e5242e90febf6bfebc422>@@AEAV<lambda_6978c1fb23f02e42e1d9e99668cc68aa>@@V<lambda_314360699dd331753a4119843814e9a7>@@@?$__crt_seh_guarded_call@H@@QEAAH$$QEAV<lambda_b521505b218e5242e90febf6bfebc422>@@AEAV<lambda_6978c1fb23f02e42e1d9e99668cc68aa>@@$$QEAV<lambda_314360699dd331753a4119843814e9a7>@@@Z@4HA 000000018001aedc     libucrt:commit.obj
 0004:00000edc       $pdata$?fin$0@?0???$?RV<lambda_bfedae4ebbf01fab1bb6dcc6a9e276e0>@@AEAV<lambda_2fe9b910cf3cbf4a0ab98a02ba45b3ec>@@V<lambda_237c231691f317818eb88cc1d5d642d6>@@@?$__crt_seh_guarded_call@H@@QEAAH$$QEAV<lambda_bfedae4ebbf01fab1bb6dcc6a9e276e0>@@AEAV<lambda_2fe9b910cf3cbf4a0ab98a02ba45b3ec>@@$$QEAV<lambda_237c231691f317818eb88cc1d5d642d6>@@@Z@4HA 000000018001aedc     libucrt:close.obj
 0004:00000ee8       $pdata$_write$fin$0        000000018001aee8     libucrt:write.obj
 0004:00000ef4       $pdata$fclose$fin$0        000000018001aef4     libucrt:fclose.obj
 0004:00000f00       $pdata$_ctrlfp$filt$0      000000018001af00     libucrt:fpctrl.obj
 0004:00000f0c       $pdata$_IsNonwritableInCurrentImage$filt$0 000000018001af0c     LIBCMT:pesect.obj
 0005:00000000       __guard_fids__             000000018001b000     libucrt:initialization.obj
 0005:00000060       __guard_fids___acrt_initialize_ptd 000000018001b060     libucrt:per_thread_data.obj
 0005:00000064       __guard_fids_??$expand_argument_wildcards@D@@YAHQEAD0AEAV?$argument_list@D@?A0xca0879c4@@@Z 000000018001b064     libucrt:argv_wildcards.obj
 0005:00000068       __guard_fids__             000000018001b068     libucrt:locale_initializer.obj
 0005:0000006c       __guard_fids__             000000018001b06c     libucrt:multibyte_initializer.obj
 0005:00000070       __guard_fids__             000000018001b070     libucrt:stdio_initializer.obj
 0005:00000074       __guard_fids__             000000018001b074     libucrt:stdio_initializer.obj
 0005:00000078       __guard_fids__             000000018001b078     libucrt:fma3_initializer.obj
 0005:0000007c       __guard_fids__             000000018001b07c     libucrt:console_output_initializer.obj
 0005:00000080       __guard_fids__             000000018001b080     libcpmt:xthrow.obj
 0005:00000088       __guard_fids__             000000018001b088     libcpmt:xthrow.obj
 0005:00000090       __guard_fids__             000000018001b090     libcpmt:xthrow.obj
 0005:00000098       __guard_fids__             000000018001b098     libcpmt:xthrow.obj
 0005:000000a0       __guard_fids__             000000018001b0a0     libcpmt:xthrow.obj
 0005:000000a8       __guard_fids_?dllmain_crt_process_attach@@YAHQEAUHINSTANCE__@@QEAX@Z 000000018001b0a8     LIBCMT:dll_dllmain.obj
 0005:000000b0       __guard_fids_?dllmain_dispatch@@YAHQEAUHINSTANCE__@@KQEAX@Z 000000018001b0b0     LIBCMT:dll_dllmain.obj
 0005:000000b4       __guard_fids__             000000018001b0b4     LIBCMT:std_type_info_static.obj
 0005:000000b8       __guard_fids__             000000018001b0b8     LIBCMT:throw_bad_alloc.obj
 0005:000000c0       __guard_fids__             000000018001b0c0     LIBCMT:guard_support.obj
 0005:000000c4       __guard_fids___vcrt_initialize_ptd 000000018001b0c4     libvcruntime:per_thread_data.obj
 0006:00000060       $R000000                   000000018001c060     * linker generated manifest res *

 Exports

  ordinal    name

        1    _register_testaddon_
